Component: ARM Compiler 5.06 update 6 (build 750) Tool: armlink [4d35ed]

==============================================================================

Section Cross References

    main.o(i.main) refers to slcd.o(i.slcdInitialize) for slcdInitialize
    main.o(i.main) refers to leds.o(i.ledsInitialize) for ledsInitialize
    main.o(i.main) refers to uart0.o(i.uart0Init) for uart0Init
    main.o(i.main) refers to i2c.o(i.i2cInitialize) for i2cInitialize
    main.o(i.main) refers to sensors.o(i.tempsensorInitialize) for tempsensorInitialize
    main.o(i.main) refers to sensors.o(i.lightsensorInitialize) for lightsensorInitialize
    main.o(i.main) refers to sensors.o(i.pressensorInitialize) for pressensorInitialize
    main.o(i.main) refers to sensors.o(i.humidsensorInitialize) for humidsensorInitialize
    main.o(i.main) refers to pit.o(i.pitInitialize) for pitInitialize
    i2c.o(i.I2C0_IRQHandler) refers to i2c.o(.data) for transfer_flag
    i2c.o(i.i2cInitialize) refers to i2c.o(i.NVIC_SetPriority) for NVIC_SetPriority
    i2c.o(i.i2cRead) refers to i2c.o(i.i2cstarttransmit) for i2cstarttransmit
    i2c.o(i.i2cRead) refers to i2c.o(i.in_progress) for in_progress
    i2c.o(i.i2cWrite) refers to i2c.o(i.i2cstarttransmit) for i2cstarttransmit
    i2c.o(i.i2cWrite) refers to i2c.o(i.in_progress) for in_progress
    i2c.o(i.i2cstarttransmit) refers to i2c.o(i.in_progress) for in_progress
    i2c.o(i.in_progress) refers to i2c.o(.data) for transfer_flag
    leds.o(i.ledgreenBlink) refers to extra.o(i.delay_mc) for delay_mc
    leds.o(i.ledgreenBlink) refers to leds.o(.constdata) for led_mask
    leds.o(i.ledgreenOn) refers to leds.o(.constdata) for led_mask
    leds.o(i.ledgreenToggle) refers to leds.o(.constdata) for led_mask
    leds.o(i.ledredBlink) refers to extra.o(i.delay_mc) for delay_mc
    leds.o(i.ledredBlink) refers to leds.o(.constdata) for led_mask
    leds.o(i.ledredOn) refers to leds.o(.constdata) for led_mask
    leds.o(i.ledredToggle) refers to leds.o(.constdata) for led_mask
    leds.o(i.ledsInitialize) refers to leds.o(i.ledredBlink) for ledredBlink
    leds.o(i.ledsInitialize) refers to leds.o(i.ledgreenBlink) for ledgreenBlink
    leds.o(i.ledsInitialize) refers to leds.o(.constdata) for led_mask
    leds.o(i.ledsOff) refers to leds.o(.constdata) for led_mask
    leds.o(i.ledsOn) refers to leds.o(.constdata) for led_mask
    slcd.o(i.slcdClear) refers to slcd.o(.constdata) for LCD_Front_Pin
    slcd.o(i.slcdDemo) refers to slcd.o(i.slcdClear) for slcdClear
    slcd.o(i.slcdDemo) refers to slcd.o(i.slcdSet) for slcdSet
    slcd.o(i.slcdDemo) refers to extra.o(i.delay_mc) for delay_mc
    slcd.o(i.slcdDisplay) refers to slcd.o(i.slcdClear) for slcdClear
    slcd.o(i.slcdDisplay) refers to slcd.o(i.slcdErr) for slcdErr
    slcd.o(i.slcdDisplay) refers to aeabi_sdiv.o(.text) for __aeabi_idivmod
    slcd.o(i.slcdDisplay) refers to slcd.o(i.slcdSet) for slcdSet
    slcd.o(i.slcdErr) refers to slcd.o(.constdata) for LCD_Front_Pin
    slcd.o(i.slcdSet) refers to slcd.o(i.__ARM_common_switch8) for __ARM_common_switch8
    slcd.o(i.slcdSet) refers to slcd.o(i.slcdErr) for slcdErr
    slcd.o(i.slcdSet) refers to slcd.o(.constdata) for LCD_Front_Pin
    sensors.o(i.humidRead) refers to i2c.o(i.i2cRead) for i2cRead
    sensors.o(i.humidRead) refers to fflti.o(.text) for __aeabi_ui2f
    sensors.o(i.humidRead) refers to fdiv.o(.text) for __aeabi_fdiv
    sensors.o(i.humidRead) refers to faddsub.o(x$fpl$fadd) for __aeabi_fadd
    sensors.o(i.humidRead) refers to ffixui.o(.text) for __aeabi_f2uiz
    sensors.o(i.humidRead) refers to aeabi_sdiv.o(.text) for __aeabi_idivmod
    sensors.o(i.humidRead) refers to sensors.o(.data) for databuffer
    sensors.o(i.humidsensorInitialize) refers to i2c.o(i.i2cWrite) for i2cWrite
    sensors.o(i.humidsensorInitialize) refers to i2c.o(i.i2cRead) for i2cRead
    sensors.o(i.humidsensorInitialize) refers to sensors.o(.data) for databuffer
    sensors.o(i.lightRead) refers to i2c.o(i.i2cRead) for i2cRead
    sensors.o(i.lightRead) refers to fflti.o(.text) for __aeabi_ui2f
    sensors.o(i.lightRead) refers to f2d.o(.text) for __aeabi_f2d
    sensors.o(i.lightRead) refers to dmul.o(.text) for __aeabi_dmul
    sensors.o(i.lightRead) refers to fmul.o(x$fpl$fmul) for __aeabi_fmul
    sensors.o(i.lightRead) refers to daddsub.o(.text) for __aeabi_dsub
    sensors.o(i.lightRead) refers to d2f.o(.text) for __aeabi_d2f
    sensors.o(i.lightRead) refers to fdiv.o(.text) for __aeabi_fdiv
    sensors.o(i.lightRead) refers to frlef.o(x$fpl$frleqf) for __aeabi_cfrcmple
    sensors.o(i.lightRead) refers to sensors.o(.data) for databuffer
    sensors.o(i.lightsensorInitialize) refers to i2c.o(i.i2cWrite) for i2cWrite
    sensors.o(i.lightsensorInitialize) refers to sensors.o(.data) for databuffer
    sensors.o(i.pressRead) refers to i2c.o(i.i2cRead) for i2cRead
    sensors.o(i.pressRead) refers to fflti.o(.text) for __aeabi_i2f
    sensors.o(i.pressRead) refers to fdiv.o(.text) for __aeabi_fdiv
    sensors.o(i.pressRead) refers to sensors.o(.data) for databuffer
    sensors.o(i.pressensorInitialize) refers to i2c.o(i.i2cWrite) for i2cWrite
    sensors.o(i.pressensorInitialize) refers to sensors.o(.data) for databuffer
    sensors.o(i.tempRead) refers to i2c.o(i.i2cRead) for i2cRead
    sensors.o(i.tempRead) refers to fflti.o(.text) for __aeabi_i2f
    sensors.o(i.tempRead) refers to f2d.o(.text) for __aeabi_f2d
    sensors.o(i.tempRead) refers to dmul.o(.text) for __aeabi_dmul
    sensors.o(i.tempRead) refers to d2f.o(.text) for __aeabi_d2f
    sensors.o(i.tempRead) refers to sensors.o(.data) for databuffer
    uart0.o(i.Ascii_to_int) refers to slcd.o(i.__ARM_common_switch8) for __ARM_common_switch8
    uart0.o(i.UART0_IRQHandler) refers to uart0.o(i.Ascii_to_int) for Ascii_to_int
    uart0.o(i.UART0_IRQHandler) refers to leds.o(i.ledgreenToggle) for ledgreenToggle
    uart0.o(i.UART0_IRQHandler) refers to leds.o(i.ledredToggle) for ledredToggle
    uart0.o(i.UART0_IRQHandler) refers to slcd.o(i.slcdSet) for slcdSet
    uart0.o(i.UART0_IRQHandler) refers to uart0.o(i.uart0transmit) for uart0transmit
    uart0.o(i.UART0_IRQHandler) refers to uart0.o(.data) for i
    uart0.o(i.int_to_ascii) refers to slcd.o(i.__ARM_common_switch8) for __ARM_common_switch8
    uart0.o(i.uart0Init) refers to uart0.o(i.NVIC_SetPriority) for NVIC_SetPriority
    uart0.o(i.uart0Init) refers to uart0.o(i.uart0transmit) for uart0transmit
    uart0.o(i.uart0Init) refers to uart0.o(.data) for i
    uart0.o(i.uart0sendblock) refers to aeabi_sdiv.o(.text) for __aeabi_idivmod
    uart0.o(i.uart0sendblock) refers to uart0.o(i.int_to_ascii) for int_to_ascii
    uart0.o(i.uart0sendblock) refers to uart0.o(i.uart0transmit) for uart0transmit
    pit.o(i.PIT_IRQHandler) refers to leds.o(i.ledsOff) for ledsOff
    pit.o(i.PIT_IRQHandler) refers to sensors.o(i.tempRead) for tempRead
    pit.o(i.PIT_IRQHandler) refers to ffixui.o(.text) for __aeabi_f2uiz
    pit.o(i.PIT_IRQHandler) refers to slcd.o(i.slcdDisplay) for slcdDisplay
    pit.o(i.PIT_IRQHandler) refers to ffixi.o(.text) for __aeabi_f2iz
    pit.o(i.PIT_IRQHandler) refers to uart0.o(i.uart0sendblock) for uart0sendblock
    pit.o(i.PIT_IRQHandler) refers to leds.o(i.ledredOn) for ledredOn
    pit.o(i.PIT_IRQHandler) refers to sensors.o(i.lightRead) for lightRead
    pit.o(i.PIT_IRQHandler) refers to leds.o(i.ledgreenOn) for ledgreenOn
    pit.o(i.PIT_IRQHandler) refers to sensors.o(i.pressRead) for pressRead
    pit.o(i.PIT_IRQHandler) refers to sensors.o(i.humidRead) for humidRead
    pit.o(i.PIT_IRQHandler) refers to uart0.o(i.uart0transmit) for uart0transmit
    pit.o(i.PIT_IRQHandler) refers to pit.o(.data) for i
    pit.o(i.pitInitialize) refers to pit.o(i.NVIC_SetPriority) for NVIC_SetPriority
    startup_mkl46z4.o(STACK) refers (Special) to heapauxi.o(.text) for __use_two_region_memory
    startup_mkl46z4.o(HEAP) refers (Special) to heapauxi.o(.text) for __use_two_region_memory
    startup_mkl46z4.o(RESET) refers (Special) to heapauxi.o(.text) for __use_two_region_memory
    startup_mkl46z4.o(RESET) refers to startup_mkl46z4.o(STACK) for __initial_sp
    startup_mkl46z4.o(RESET) refers to startup_mkl46z4.o(.text) for Reset_Handler
    startup_mkl46z4.o(RESET) refers to i2c.o(i.I2C0_IRQHandler) for I2C0_IRQHandler
    startup_mkl46z4.o(RESET) refers to uart0.o(i.UART0_IRQHandler) for UART0_IRQHandler
    startup_mkl46z4.o(RESET) refers to pit.o(i.PIT_IRQHandler) for PIT_IRQHandler
    startup_mkl46z4.o(.ARM.__at_0x400) refers (Special) to heapauxi.o(.text) for __use_two_region_memory
    startup_mkl46z4.o(.text) refers (Special) to heapauxi.o(.text) for __use_two_region_memory
    startup_mkl46z4.o(.text) refers to system_mkl46z4.o(i.SystemInit) for SystemInit
    startup_mkl46z4.o(.text) refers to __main.o(!!!main) for __main
    startup_mkl46z4.o(.text) refers to startup_mkl46z4.o(HEAP) for Heap_Mem
    startup_mkl46z4.o(.text) refers to startup_mkl46z4.o(STACK) for Stack_Mem
    system_mkl46z4.o(i.SystemCoreClockUpdate) refers to aeabi_sdiv.o(.text) for __aeabi_uidivmod
    system_mkl46z4.o(i.SystemCoreClockUpdate) refers to slcd.o(i.__ARM_common_switch8) for __ARM_common_switch8
    system_mkl46z4.o(i.SystemCoreClockUpdate) refers to system_mkl46z4.o(.data) for SystemCoreClock
    __main.o(!!!main) refers to __rtentry.o(.ARM.Collect$$rtentry$$00000000) for __rt_entry
    d2f.o(.text) refers (Special) to usenofp.o(x$fpl$usenofp) for __I$use$fp
    daddsub.o(.text) refers (Special) to usenofp.o(x$fpl$usenofp) for __I$use$fp
    dmul.o(.text) refers (Special) to usenofp.o(x$fpl$usenofp) for __I$use$fp
    f2d.o(.text) refers (Special) to usenofp.o(x$fpl$usenofp) for __I$use$fp
    faddsub.o(x$fpl$fadd) refers (Special) to usenofp.o(x$fpl$usenofp) for __I$use$fp
    faddsub.o(x$fpl$fadd) refers to faddsub.o(x$fpl$fsub) for _fsub1
    faddsub.o(x$fpl$frsb) refers (Special) to usenofp.o(x$fpl$usenofp) for __I$use$fp
    faddsub.o(x$fpl$frsb) refers to faddsub.o(x$fpl$fsub) for _fsub1
    faddsub.o(x$fpl$frsb) refers to faddsub.o(x$fpl$fadd) for _fadd1
    faddsub.o(x$fpl$fsub) refers (Special) to usenofp.o(x$fpl$usenofp) for __I$use$fp
    faddsub.o(x$fpl$fsub) refers to faddsub.o(x$fpl$fadd) for _fadd1
    fdiv.o(.text) refers (Special) to usenofp.o(x$fpl$usenofp) for __I$use$fp
    fdiv.o(.text) refers to fdiv.o(.constdata) for .constdata
    fdiv.o(.constdata) refers (Special) to usenofp.o(x$fpl$usenofp) for __I$use$fp
    ffixi.o(.text) refers (Special) to usenofp.o(x$fpl$usenofp) for __I$use$fp
    ffixui.o(.text) refers (Special) to usenofp.o(x$fpl$usenofp) for __I$use$fp
    fflti.o(.text) refers (Special) to usenofp.o(x$fpl$usenofp) for __I$use$fp
    fmul.o(x$fpl$fmul) refers (Special) to usenofp.o(x$fpl$usenofp) for __I$use$fp
    frlef.o(x$fpl$frleqf) refers (Special) to usenofp.o(x$fpl$usenofp) for __I$use$fp
    frlef.o(x$fpl$frleqf) refers to fcmpin.o(.text) for __fpl_fcmp_InfNaN
    __rtentry.o(.ARM.Collect$$rtentry$$00000000) refers (Special) to __rtentry2.o(.ARM.Collect$$rtentry$$0000000A) for __rt_entry_li
    __rtentry.o(.ARM.Collect$$rtentry$$00000000) refers (Special) to __rtentry2.o(.ARM.Collect$$rtentry$$0000000D) for __rt_entry_main
    __rtentry.o(.ARM.Collect$$rtentry$$00000000) refers (Special) to __rtentry2.o(.ARM.Collect$$rtentry$$0000000C) for __rt_entry_postli_1
    __rtentry.o(.ARM.Collect$$rtentry$$00000000) refers (Special) to __rtentry2.o(.ARM.Collect$$rtentry$$00000009) for __rt_entry_postsh_1
    __rtentry.o(.ARM.Collect$$rtentry$$00000000) refers (Special) to __rtentry2.o(.ARM.Collect$$rtentry$$00000002) for __rt_entry_presh_1
    __rtentry.o(.ARM.Collect$$rtentry$$00000000) refers (Special) to __rtentry4.o(.ARM.Collect$$rtentry$$00000004) for __rt_entry_sh
    aeabi_idiv0_sigfpe.o(.text) refers to rt_div0.o(.text) for __rt_div0
    fcmpin.o(.text) refers (Special) to usenofp.o(x$fpl$usenofp) for __I$use$fp
    fcmpin.o(.text) refers to cmpret.o(.text) for __fpl_cmpreturn
    fcmpin.o(.text) refers to fnan2.o(.text) for __fpl_fcheck_NaN2
    __rtentry2.o(.ARM.Collect$$rtentry$$00000008) refers to boardinit2.o(.text) for _platform_post_stackheap_init
    __rtentry2.o(.ARM.Collect$$rtentry$$0000000A) refers to libinit.o(.ARM.Collect$$libinit$$00000000) for __rt_lib_init
    __rtentry2.o(.ARM.Collect$$rtentry$$0000000B) refers to boardinit3.o(.text) for _platform_post_lib_init
    __rtentry2.o(.ARM.Collect$$rtentry$$0000000D) refers to main.o(i.main) for main
    __rtentry2.o(.ARM.Collect$$rtentry$$0000000D) refers to exit.o(.text) for exit
    __rtentry2.o(.ARM.exidx) refers to __rtentry2.o(.ARM.Collect$$rtentry$$00000001) for .ARM.Collect$$rtentry$$00000001
    __rtentry2.o(.ARM.exidx) refers to __rtentry2.o(.ARM.Collect$$rtentry$$00000008) for .ARM.Collect$$rtentry$$00000008
    __rtentry2.o(.ARM.exidx) refers to __rtentry2.o(.ARM.Collect$$rtentry$$0000000A) for .ARM.Collect$$rtentry$$0000000A
    __rtentry2.o(.ARM.exidx) refers to __rtentry2.o(.ARM.Collect$$rtentry$$0000000B) for .ARM.Collect$$rtentry$$0000000B
    __rtentry2.o(.ARM.exidx) refers to __rtentry2.o(.ARM.Collect$$rtentry$$0000000D) for .ARM.Collect$$rtentry$$0000000D
    __rtentry4.o(.ARM.Collect$$rtentry$$00000004) refers to sys_stackheap_outer.o(.text) for __user_setup_stackheap
    __rtentry4.o(.ARM.exidx) refers to __rtentry4.o(.ARM.Collect$$rtentry$$00000004) for .ARM.Collect$$rtentry$$00000004
    rt_div0.o(.text) refers to defsig_fpe_outer.o(.text) for __rt_SIGFPE
    cmpret.o(.text) refers (Special) to usenofp.o(x$fpl$usenofp) for __I$use$fp
    fnan2.o(.text) refers (Special) to usenofp.o(x$fpl$usenofp) for __I$use$fp
    fnan2.o(.text) refers to retnan.o(.text) for __fpl_return_NaN
    sys_stackheap_outer.o(.text) refers to libspace.o(.text) for __user_perproc_libspace
    sys_stackheap_outer.o(.text) refers to startup_mkl46z4.o(.text) for __user_initial_stackheap
    sys_stackheap_outer.o(__vectab_stack_and_reset_area) refers to tempstk.o(.text) for __temporary_stack_top
    sys_stackheap_outer.o(__vectab_stack_and_reset_area) refers to __main.o(!!!main) for __main
    exit.o(.text) refers to rtexit.o(.ARM.Collect$$rtexit$$00000000) for __rt_exit
    defsig_fpe_outer.o(.text) refers to defsig_fpe_inner.o(.text) for __rt_SIGFPE_inner
    defsig_fpe_outer.o(.text) refers to defsig_exit.o(.text) for __sig_exit
    defsig_fpe_formal.o(.text) refers to rt_raise.o(.text) for __rt_raise
    libinit.o(.ARM.Collect$$libinit$$00000000) refers (Special) to libinit2.o(.ARM.Collect$$libinit$$0000002E) for __rt_lib_init_alloca_1
    libinit.o(.ARM.Collect$$libinit$$00000000) refers (Special) to libinit2.o(.ARM.Collect$$libinit$$0000002C) for __rt_lib_init_argv_1
    libinit.o(.ARM.Collect$$libinit$$00000000) refers (Special) to libinit2.o(.ARM.Collect$$libinit$$0000001B) for __rt_lib_init_atexit_1
    libinit.o(.ARM.Collect$$libinit$$00000000) refers (Special) to libinit2.o(.ARM.Collect$$libinit$$00000021) for __rt_lib_init_clock_1
    libinit.o(.ARM.Collect$$libinit$$00000000) refers (Special) to libinit2.o(.ARM.Collect$$libinit$$00000032) for __rt_lib_init_cpp_1
    libinit.o(.ARM.Collect$$libinit$$00000000) refers (Special) to libinit2.o(.ARM.Collect$$libinit$$00000030) for __rt_lib_init_exceptions_1
    libinit.o(.ARM.Collect$$libinit$$00000000) refers (Special) to libinit2.o(.ARM.Collect$$libinit$$00000002) for __rt_lib_init_fp_1
    libinit.o(.ARM.Collect$$libinit$$00000000) refers (Special) to libinit2.o(.ARM.Collect$$libinit$$0000001F) for __rt_lib_init_fp_trap_1
    libinit.o(.ARM.Collect$$libinit$$00000000) refers (Special) to libinit2.o(.ARM.Collect$$libinit$$00000023) for __rt_lib_init_getenv_1
    libinit.o(.ARM.Collect$$libinit$$00000000) refers (Special) to libinit2.o(.ARM.Collect$$libinit$$0000000A) for __rt_lib_init_heap_1
    libinit.o(.ARM.Collect$$libinit$$00000000) refers (Special) to libinit2.o(.ARM.Collect$$libinit$$00000011) for __rt_lib_init_lc_collate_1
    libinit.o(.ARM.Collect$$libinit$$00000000) refers (Special) to libinit2.o(.ARM.Collect$$libinit$$00000013) for __rt_lib_init_lc_ctype_1
    libinit.o(.ARM.Collect$$libinit$$00000000) refers (Special) to libinit2.o(.ARM.Collect$$libinit$$00000015) for __rt_lib_init_lc_monetary_1
    libinit.o(.ARM.Collect$$libinit$$00000000) refers (Special) to libinit2.o(.ARM.Collect$$libinit$$00000017) for __rt_lib_init_lc_numeric_1
    libinit.o(.ARM.Collect$$libinit$$00000000) refers (Special) to libinit2.o(.ARM.Collect$$libinit$$00000019) for __rt_lib_init_lc_time_1
    libinit.o(.ARM.Collect$$libinit$$00000000) refers (Special) to libinit2.o(.ARM.Collect$$libinit$$00000004) for __rt_lib_init_preinit_1
    libinit.o(.ARM.Collect$$libinit$$00000000) refers (Special) to libinit2.o(.ARM.Collect$$libinit$$0000000E) for __rt_lib_init_rand_1
    libinit.o(.ARM.Collect$$libinit$$00000000) refers (Special) to libinit2.o(.ARM.Collect$$libinit$$00000033) for __rt_lib_init_return
    libinit.o(.ARM.Collect$$libinit$$00000000) refers (Special) to libinit2.o(.ARM.Collect$$libinit$$0000001D) for __rt_lib_init_signal_1
    libinit.o(.ARM.Collect$$libinit$$00000000) refers (Special) to libinit2.o(.ARM.Collect$$libinit$$00000025) for __rt_lib_init_stdio_1
    libinit.o(.ARM.Collect$$libinit$$00000000) refers (Special) to libinit2.o(.ARM.Collect$$libinit$$0000000C) for __rt_lib_init_user_alloc_1
    retnan.o(.text) refers (Special) to usenofp.o(x$fpl$usenofp) for __I$use$fp
    retnan.o(.text) refers to cmpret.o(.text) for __fpl_cmpreturn
    libspace.o(.text) refers to libspace.o(.bss) for __libspace_start
    rtexit.o(.ARM.Collect$$rtexit$$00000000) refers (Special) to rtexit2.o(.ARM.Collect$$rtexit$$00000004) for __rt_exit_exit
    rtexit.o(.ARM.Collect$$rtexit$$00000000) refers (Special) to rtexit2.o(.ARM.Collect$$rtexit$$00000003) for __rt_exit_ls
    rtexit.o(.ARM.Collect$$rtexit$$00000000) refers (Special) to rtexit2.o(.ARM.Collect$$rtexit$$00000002) for __rt_exit_prels_1
    rtexit.o(.ARM.exidx) refers (Special) to rtexit2.o(.ARM.Collect$$rtexit$$00000004) for __rt_exit_exit
    rtexit.o(.ARM.exidx) refers (Special) to rtexit2.o(.ARM.Collect$$rtexit$$00000003) for __rt_exit_ls
    rtexit.o(.ARM.exidx) refers (Special) to rtexit2.o(.ARM.Collect$$rtexit$$00000002) for __rt_exit_prels_1
    rtexit.o(.ARM.exidx) refers to rtexit.o(.ARM.Collect$$rtexit$$00000000) for .ARM.Collect$$rtexit$$00000000
    rt_raise.o(.text) refers to __raise.o(.text) for __raise
    rt_raise.o(.text) refers to sys_exit.o(.text) for _sys_exit
    defsig_exit.o(.text) refers to sys_exit.o(.text) for _sys_exit
    defsig_fpe_inner.o(.text) refers to defsig_general.o(.text) for __default_signal_display
    libinit2.o(.ARM.Collect$$libinit$$00000010) refers to libinit2.o(.ARM.Collect$$libinit$$0000000F) for .ARM.Collect$$libinit$$0000000F
    libinit2.o(.ARM.Collect$$libinit$$00000012) refers to libinit2.o(.ARM.Collect$$libinit$$0000000F) for .ARM.Collect$$libinit$$0000000F
    libinit2.o(.ARM.Collect$$libinit$$00000014) refers to libinit2.o(.ARM.Collect$$libinit$$0000000F) for .ARM.Collect$$libinit$$0000000F
    libinit2.o(.ARM.Collect$$libinit$$00000016) refers to libinit2.o(.ARM.Collect$$libinit$$0000000F) for .ARM.Collect$$libinit$$0000000F
    libinit2.o(.ARM.Collect$$libinit$$00000018) refers to libinit2.o(.ARM.Collect$$libinit$$0000000F) for .ARM.Collect$$libinit$$0000000F
    libinit2.o(.ARM.Collect$$libinit$$00000026) refers to argv_veneer.o(.text) for __ARM_argv_veneer
    libinit2.o(.ARM.Collect$$libinit$$00000027) refers to argv_veneer.o(.text) for __ARM_argv_veneer
    sys_exit.o(.text) refers (Special) to use_no_semi.o(.text) for __I$use$semihosting
    sys_exit.o(.text) refers (Special) to indicate_semi.o(.text) for __semihosting_library_function
    rtexit2.o(.ARM.Collect$$rtexit$$00000003) refers to libshutdown.o(.ARM.Collect$$libshutdown$$00000000) for __rt_lib_shutdown
    rtexit2.o(.ARM.Collect$$rtexit$$00000004) refers to sys_exit.o(.text) for _sys_exit
    rtexit2.o(.ARM.exidx) refers to rtexit2.o(.ARM.Collect$$rtexit$$00000001) for .ARM.Collect$$rtexit$$00000001
    rtexit2.o(.ARM.exidx) refers to rtexit2.o(.ARM.Collect$$rtexit$$00000003) for .ARM.Collect$$rtexit$$00000003
    rtexit2.o(.ARM.exidx) refers to rtexit2.o(.ARM.Collect$$rtexit$$00000004) for .ARM.Collect$$rtexit$$00000004
    __raise.o(.text) refers to defsig.o(CL$$defsig) for __default_signal_handler
    defsig_general.o(.text) refers to sys_wrch.o(.text) for _ttywrch
    sys_wrch.o(.text) refers (Special) to use_no_semi.o(.text) for __I$use$semihosting
    sys_wrch.o(.text) refers (Special) to indicate_semi.o(.text) for __semihosting_library_function
    defsig.o(CL$$defsig) refers to defsig_fpe_inner.o(.text) for __rt_SIGFPE_inner
    defsig.o(CL$$defsig) refers to defsig_rtmem_inner.o(.text) for __rt_SIGRTMEM_inner
    _get_argv_nomalloc.o(.text) refers (Special) to hrguard.o(.text) for __heap_region$guard
    _get_argv_nomalloc.o(.text) refers to defsig_rtmem_outer.o(.text) for __rt_SIGRTMEM
    _get_argv_nomalloc.o(.text) refers to sys_command.o(.text) for _sys_command_string
    libshutdown.o(.ARM.Collect$$libshutdown$$00000000) refers (Special) to libshutdown2.o(.ARM.Collect$$libshutdown$$00000002) for __rt_lib_shutdown_cpp_1
    libshutdown.o(.ARM.Collect$$libshutdown$$00000000) refers (Special) to libshutdown2.o(.ARM.Collect$$libshutdown$$00000007) for __rt_lib_shutdown_fp_trap_1
    libshutdown.o(.ARM.Collect$$libshutdown$$00000000) refers (Special) to libshutdown2.o(.ARM.Collect$$libshutdown$$0000000F) for __rt_lib_shutdown_heap_1
    libshutdown.o(.ARM.Collect$$libshutdown$$00000000) refers (Special) to libshutdown2.o(.ARM.Collect$$libshutdown$$00000010) for __rt_lib_shutdown_return
    libshutdown.o(.ARM.Collect$$libshutdown$$00000000) refers (Special) to libshutdown2.o(.ARM.Collect$$libshutdown$$0000000A) for __rt_lib_shutdown_signal_1
    libshutdown.o(.ARM.Collect$$libshutdown$$00000000) refers (Special) to libshutdown2.o(.ARM.Collect$$libshutdown$$00000004) for __rt_lib_shutdown_stdio_1
    libshutdown.o(.ARM.Collect$$libshutdown$$00000000) refers (Special) to libshutdown2.o(.ARM.Collect$$libshutdown$$0000000C) for __rt_lib_shutdown_user_alloc_1
    sys_command.o(.text) refers (Special) to use_no_semi.o(.text) for __I$use$semihosting
    sys_command.o(.text) refers (Special) to indicate_semi.o(.text) for __semihosting_library_function
    defsig_abrt_inner.o(.text) refers to defsig_general.o(.text) for __default_signal_display
    defsig_rtred_inner.o(.text) refers to defsig_general.o(.text) for __default_signal_display
    defsig_rtmem_inner.o(.text) refers to defsig_general.o(.text) for __default_signal_display
    defsig_rtmem_outer.o(.text) refers to defsig_rtmem_inner.o(.text) for __rt_SIGRTMEM_inner
    defsig_rtmem_outer.o(.text) refers to defsig_exit.o(.text) for __sig_exit
    defsig_rtmem_formal.o(.text) refers to rt_raise.o(.text) for __rt_raise
    defsig_stak_inner.o(.text) refers to defsig_general.o(.text) for __default_signal_display
    defsig_pvfn_inner.o(.text) refers to defsig_general.o(.text) for __default_signal_display
    defsig_cppl_inner.o(.text) refers to defsig_general.o(.text) for __default_signal_display
    defsig_segv_inner.o(.text) refers to defsig_general.o(.text) for __default_signal_display
    defsig_other.o(.text) refers to defsig_general.o(.text) for __default_signal_display


==============================================================================

Removing Unused input sections from the image.

    Removing main.o(.rev16_text), (4 bytes).
    Removing main.o(.revsh_text), (4 bytes).
    Removing main.o(.constdata), (16 bytes).
    Removing main.o(.data), (54 bytes).
    Removing i2c.o(.rev16_text), (4 bytes).
    Removing i2c.o(.revsh_text), (4 bytes).
    Removing i2c.o(.constdata), (8 bytes).
    Removing leds.o(.rev16_text), (4 bytes).
    Removing leds.o(.revsh_text), (4 bytes).
    Removing leds.o(i.ledsOn), (28 bytes).
    Removing slcd.o(.rev16_text), (4 bytes).
    Removing slcd.o(.revsh_text), (4 bytes).
    Removing slcd.o(i.slcdCLRznak), (60 bytes).
    Removing slcd.o(i.slcdDemo), (56 bytes).
    Removing slcd.o(i.slcdznak), (88 bytes).
    Removing sensors.o(.rev16_text), (4 bytes).
    Removing sensors.o(.revsh_text), (4 bytes).
    Removing sensors.o(.constdata), (8 bytes).
    Removing uart0.o(.rev16_text), (4 bytes).
    Removing uart0.o(.revsh_text), (4 bytes).
    Removing uart0.o(i.uart0receive), (24 bytes).
    Removing uart0.o(.constdata), (16 bytes).
    Removing extra.o(.rev16_text), (4 bytes).
    Removing extra.o(.revsh_text), (4 bytes).
    Removing pit.o(.rev16_text), (4 bytes).
    Removing pit.o(.revsh_text), (4 bytes).
    Removing pit.o(.constdata), (16 bytes).
    Removing system_mkl46z4.o(.rev16_text), (4 bytes).
    Removing system_mkl46z4.o(.revsh_text), (4 bytes).
    Removing system_mkl46z4.o(i.SystemCoreClockUpdate), (348 bytes).
    Removing system_mkl46z4.o(.data), (4 bytes).

31 unused section(s) (total 798 bytes) removed from the image.

==============================================================================

Image Symbol Table

    Local Symbols

    Symbol Name                              Value     Ov Type        Size  Object(Section)

    RESET                                    0x00000000   Section      192  startup_mkl46z4.o(RESET)
    ../clib/angel/boardlib.s                 0x00000000   Number         0  boardinit3.o ABSOLUTE
    ../clib/angel/boardlib.s                 0x00000000   Number         0  boardshut.o ABSOLUTE
    ../clib/angel/boardlib.s                 0x00000000   Number         0  boardinit2.o ABSOLUTE
    ../clib/angel/boardlib.s                 0x00000000   Number         0  boardinit1.o ABSOLUTE
    ../clib/angel/handlers.s                 0x00000000   Number         0  __scatter_zi.o ABSOLUTE
    ../clib/angel/handlers.s                 0x00000000   Number         0  __scatter_copy.o ABSOLUTE
    ../clib/angel/kernel.s                   0x00000000   Number         0  __rtentry.o ABSOLUTE
    ../clib/angel/kernel.s                   0x00000000   Number         0  __rtentry4.o ABSOLUTE
    ../clib/angel/kernel.s                   0x00000000   Number         0  rtexit2.o ABSOLUTE
    ../clib/angel/kernel.s                   0x00000000   Number         0  __rtentry2.o ABSOLUTE
    ../clib/angel/kernel.s                   0x00000000   Number         0  rtexit.o ABSOLUTE
    ../clib/angel/rt.s                       0x00000000   Number         0  rt_raise.o ABSOLUTE
    ../clib/angel/rt.s                       0x00000000   Number         0  aeabi_idiv0_sigfpe.o ABSOLUTE
    ../clib/angel/rt.s                       0x00000000   Number         0  aeabi_idiv0.o ABSOLUTE
    ../clib/angel/rt.s                       0x00000000   Number         0  rt_div0.o ABSOLUTE
    ../clib/angel/scatterp.s                 0x00000000   Number         0  __scatter.o ABSOLUTE
    ../clib/angel/startup.s                  0x00000000   Number         0  __main.o ABSOLUTE
    ../clib/angel/sys.s                      0x00000000   Number         0  tempstk.o ABSOLUTE
    ../clib/angel/sys.s                      0x00000000   Number         0  libspace.o ABSOLUTE
    ../clib/angel/sys.s                      0x00000000   Number         0  sys_stackheap_outer.o ABSOLUTE
    ../clib/angel/sys.s                      0x00000000   Number         0  indicate_semi.o ABSOLUTE
    ../clib/angel/sys.s                      0x00000000   Number         0  use_no_semi.o ABSOLUTE
    ../clib/angel/sysapp.c                   0x00000000   Number         0  sys_exit.o ABSOLUTE
    ../clib/angel/sysapp.c                   0x00000000   Number         0  sys_command.o ABSOLUTE
    ../clib/angel/sysapp.c                   0x00000000   Number         0  sys_wrch.o ABSOLUTE
    ../clib/armsys.c                         0x00000000   Number         0  argv_veneer.o ABSOLUTE
    ../clib/armsys.c                         0x00000000   Number         0  no_argv.o ABSOLUTE
    ../clib/armsys.c                         0x00000000   Number         0  _get_argv_nomalloc.o ABSOLUTE
    ../clib/division.s                       0x00000000   Number         0  aeabi_sdiv.o ABSOLUTE
    ../clib/division.s                       0x00000000   Number         0  aeabi_sdiv_div0.o ABSOLUTE
    ../clib/heapalloc.c                      0x00000000   Number         0  hrguard.o ABSOLUTE
    ../clib/heapaux.c                        0x00000000   Number         0  heapauxi.o ABSOLUTE
    ../clib/libinit.s                        0x00000000   Number         0  libshutdown2.o ABSOLUTE
    ../clib/libinit.s                        0x00000000   Number         0  libshutdown.o ABSOLUTE
    ../clib/libinit.s                        0x00000000   Number         0  libinit2.o ABSOLUTE
    ../clib/libinit.s                        0x00000000   Number         0  libinit.o ABSOLUTE
    ../clib/signal.c                         0x00000000   Number         0  defsig_rtmem_inner.o ABSOLUTE
    ../clib/signal.c                         0x00000000   Number         0  defsig_rtred_inner.o ABSOLUTE
    ../clib/signal.c                         0x00000000   Number         0  defsig_abrt_inner.o ABSOLUTE
    ../clib/signal.c                         0x00000000   Number         0  defsig_general.o ABSOLUTE
    ../clib/signal.c                         0x00000000   Number         0  __raise.o ABSOLUTE
    ../clib/signal.c                         0x00000000   Number         0  defsig_stak_inner.o ABSOLUTE
    ../clib/signal.c                         0x00000000   Number         0  defsig_fpe_outer.o ABSOLUTE
    ../clib/signal.c                         0x00000000   Number         0  defsig_fpe_formal.o ABSOLUTE
    ../clib/signal.c                         0x00000000   Number         0  defsig_fpe_inner.o ABSOLUTE
    ../clib/signal.c                         0x00000000   Number         0  defsig_exit.o ABSOLUTE
    ../clib/signal.c                         0x00000000   Number         0  defsig_other.o ABSOLUTE
    ../clib/signal.c                         0x00000000   Number         0  defsig_segv_inner.o ABSOLUTE
    ../clib/signal.c                         0x00000000   Number         0  defsig_cppl_inner.o ABSOLUTE
    ../clib/signal.c                         0x00000000   Number         0  defsig_pvfn_inner.o ABSOLUTE
    ../clib/signal.c                         0x00000000   Number         0  defsig_rtmem_formal.o ABSOLUTE
    ../clib/signal.c                         0x00000000   Number         0  defsig_rtmem_outer.o ABSOLUTE
    ../clib/signal.s                         0x00000000   Number         0  defsig.o ABSOLUTE
    ../clib/stdlib.c                         0x00000000   Number         0  exit.o ABSOLUTE
    ../fplib/cfplib/cmpret.c                 0x00000000   Number         0  cmpret.o ABSOLUTE
    ../fplib/cfplib/d2f.c                    0x00000000   Number         0  d2f.o ABSOLUTE
    ../fplib/cfplib/daddsub.c                0x00000000   Number         0  daddsub.o ABSOLUTE
    ../fplib/cfplib/dmul.c                   0x00000000   Number         0  dmul.o ABSOLUTE
    ../fplib/cfplib/f2d.c                    0x00000000   Number         0  f2d.o ABSOLUTE
    ../fplib/cfplib/fcmpin.c                 0x00000000   Number         0  fcmpin.o ABSOLUTE
    ../fplib/cfplib/fdiv.c                   0x00000000   Number         0  fdiv.o ABSOLUTE
    ../fplib/cfplib/ffix.c                   0x00000000   Number         0  ffixui.o ABSOLUTE
    ../fplib/cfplib/ffix.c                   0x00000000   Number         0  ffixi.o ABSOLUTE
    ../fplib/cfplib/fflt.c                   0x00000000   Number         0  fflti.o ABSOLUTE
    ../fplib/cfplib/fpinit.c                 0x00000000   Number         0  fpinit.o ABSOLUTE
    ../fplib/cfplib/nan2.c                   0x00000000   Number         0  fnan2.o ABSOLUTE
    ../fplib/cfplib/retnan.c                 0x00000000   Number         0  retnan.o ABSOLUTE
    ../fplib/faddsub6m.s                     0x00000000   Number         0  faddsub.o ABSOLUTE
    ../fplib/fmul6m.s                        0x00000000   Number         0  fmul.o ABSOLUTE
    ../fplib/frleqf6m.s                      0x00000000   Number         0  frlef.o ABSOLUTE
    ../fplib/usenofp.s                       0x00000000   Number         0  usenofp.o ABSOLUTE
    RTE\Device\MKL46Z256xxx4\startup_MKL46Z4.s 0x00000000   Number         0  startup_mkl46z4.o ABSOLUTE
    RTE\Device\MKL46Z256xxx4\system_MKL46Z4.c 0x00000000   Number         0  system_mkl46z4.o ABSOLUTE
    RTE\\Device\\MKL46Z256xxx4\\system_MKL46Z4.c 0x00000000   Number         0  system_mkl46z4.o ABSOLUTE
    UART0.c                                  0x00000000   Number         0  uart0.o ABSOLUTE
    UART0.c                                  0x00000000   Number         0  uart0.o ABSOLUTE
    dc.s                                     0x00000000   Number         0  dc.o ABSOLUTE
    extra.c                                  0x00000000   Number         0  extra.o ABSOLUTE
    extra.c                                  0x00000000   Number         0  extra.o ABSOLUTE
    i2c.c                                    0x00000000   Number         0  i2c.o ABSOLUTE
    i2c.c                                    0x00000000   Number         0  i2c.o ABSOLUTE
    leds.c                                   0x00000000   Number         0  leds.o ABSOLUTE
    leds.c                                   0x00000000   Number         0  leds.o ABSOLUTE
    main.c                                   0x00000000   Number         0  main.o ABSOLUTE
    main.c                                   0x00000000   Number         0  main.o ABSOLUTE
    pit.c                                    0x00000000   Number         0  pit.o ABSOLUTE
    pit.c                                    0x00000000   Number         0  pit.o ABSOLUTE
    sensors.c                                0x00000000   Number         0  sensors.o ABSOLUTE
    sensors.c                                0x00000000   Number         0  sensors.o ABSOLUTE
    slcd.c                                   0x00000000   Number         0  slcd.o ABSOLUTE
    slcd.c                                   0x00000000   Number         0  slcd.o ABSOLUTE
    !!!main                                  0x000000c0   Section        8  __main.o(!!!main)
    !!!scatter                               0x000000c8   Section       60  __scatter.o(!!!scatter)
    !!handler_copy                           0x00000104   Section       26  __scatter_copy.o(!!handler_copy)
    !!handler_zi                             0x00000120   Section       28  __scatter_zi.o(!!handler_zi)
    .ARM.Collect$$libinit$$00000000          0x0000013c   Section        2  libinit.o(.ARM.Collect$$libinit$$00000000)
    .ARM.Collect$$libinit$$00000002          0x0000013e   Section        0  libinit2.o(.ARM.Collect$$libinit$$00000002)
    .ARM.Collect$$libinit$$00000004          0x0000013e   Section        0  libinit2.o(.ARM.Collect$$libinit$$00000004)
    .ARM.Collect$$libinit$$0000000A          0x0000013e   Section        0  libinit2.o(.ARM.Collect$$libinit$$0000000A)
    .ARM.Collect$$libinit$$0000000C          0x0000013e   Section        0  libinit2.o(.ARM.Collect$$libinit$$0000000C)
    .ARM.Collect$$libinit$$0000000E          0x0000013e   Section        0  libinit2.o(.ARM.Collect$$libinit$$0000000E)
    .ARM.Collect$$libinit$$00000011          0x0000013e   Section        0  libinit2.o(.ARM.Collect$$libinit$$00000011)
    .ARM.Collect$$libinit$$00000013          0x0000013e   Section        0  libinit2.o(.ARM.Collect$$libinit$$00000013)
    .ARM.Collect$$libinit$$00000015          0x0000013e   Section        0  libinit2.o(.ARM.Collect$$libinit$$00000015)
    .ARM.Collect$$libinit$$00000017          0x0000013e   Section        0  libinit2.o(.ARM.Collect$$libinit$$00000017)
    .ARM.Collect$$libinit$$00000019          0x0000013e   Section        0  libinit2.o(.ARM.Collect$$libinit$$00000019)
    .ARM.Collect$$libinit$$0000001B          0x0000013e   Section        0  libinit2.o(.ARM.Collect$$libinit$$0000001B)
    .ARM.Collect$$libinit$$0000001D          0x0000013e   Section        0  libinit2.o(.ARM.Collect$$libinit$$0000001D)
    .ARM.Collect$$libinit$$0000001F          0x0000013e   Section        0  libinit2.o(.ARM.Collect$$libinit$$0000001F)
    .ARM.Collect$$libinit$$00000021          0x0000013e   Section        0  libinit2.o(.ARM.Collect$$libinit$$00000021)
    .ARM.Collect$$libinit$$00000023          0x0000013e   Section        0  libinit2.o(.ARM.Collect$$libinit$$00000023)
    .ARM.Collect$$libinit$$00000025          0x0000013e   Section        0  libinit2.o(.ARM.Collect$$libinit$$00000025)
    .ARM.Collect$$libinit$$0000002C          0x0000013e   Section        0  libinit2.o(.ARM.Collect$$libinit$$0000002C)
    .ARM.Collect$$libinit$$0000002E          0x0000013e   Section        0  libinit2.o(.ARM.Collect$$libinit$$0000002E)
    .ARM.Collect$$libinit$$00000030          0x0000013e   Section        0  libinit2.o(.ARM.Collect$$libinit$$00000030)
    .ARM.Collect$$libinit$$00000032          0x0000013e   Section        0  libinit2.o(.ARM.Collect$$libinit$$00000032)
    .ARM.Collect$$libinit$$00000033          0x0000013e   Section        2  libinit2.o(.ARM.Collect$$libinit$$00000033)
    .ARM.Collect$$libshutdown$$00000000      0x00000140   Section        2  libshutdown.o(.ARM.Collect$$libshutdown$$00000000)
    .ARM.Collect$$libshutdown$$00000002      0x00000142   Section        0  libshutdown2.o(.ARM.Collect$$libshutdown$$00000002)
    .ARM.Collect$$libshutdown$$00000004      0x00000142   Section        0  libshutdown2.o(.ARM.Collect$$libshutdown$$00000004)
    .ARM.Collect$$libshutdown$$00000007      0x00000142   Section        0  libshutdown2.o(.ARM.Collect$$libshutdown$$00000007)
    .ARM.Collect$$libshutdown$$0000000A      0x00000142   Section        0  libshutdown2.o(.ARM.Collect$$libshutdown$$0000000A)
    .ARM.Collect$$libshutdown$$0000000C      0x00000142   Section        0  libshutdown2.o(.ARM.Collect$$libshutdown$$0000000C)
    .ARM.Collect$$libshutdown$$0000000F      0x00000142   Section        0  libshutdown2.o(.ARM.Collect$$libshutdown$$0000000F)
    .ARM.Collect$$libshutdown$$00000010      0x00000142   Section        2  libshutdown2.o(.ARM.Collect$$libshutdown$$00000010)
    .ARM.Collect$$rtentry$$00000000          0x00000144   Section        0  __rtentry.o(.ARM.Collect$$rtentry$$00000000)
    .ARM.Collect$$rtentry$$00000002          0x00000144   Section        0  __rtentry2.o(.ARM.Collect$$rtentry$$00000002)
    .ARM.Collect$$rtentry$$00000004          0x00000144   Section        6  __rtentry4.o(.ARM.Collect$$rtentry$$00000004)
    .ARM.Collect$$rtentry$$00000009          0x0000014a   Section        0  __rtentry2.o(.ARM.Collect$$rtentry$$00000009)
    .ARM.Collect$$rtentry$$0000000A          0x0000014a   Section        4  __rtentry2.o(.ARM.Collect$$rtentry$$0000000A)
    .ARM.Collect$$rtentry$$0000000C          0x0000014e   Section        0  __rtentry2.o(.ARM.Collect$$rtentry$$0000000C)
    .ARM.Collect$$rtentry$$0000000D          0x0000014e   Section        8  __rtentry2.o(.ARM.Collect$$rtentry$$0000000D)
    .ARM.Collect$$rtexit$$00000000           0x00000156   Section        2  rtexit.o(.ARM.Collect$$rtexit$$00000000)
    .ARM.Collect$$rtexit$$00000002           0x00000158   Section        0  rtexit2.o(.ARM.Collect$$rtexit$$00000002)
    .ARM.Collect$$rtexit$$00000003           0x00000158   Section        4  rtexit2.o(.ARM.Collect$$rtexit$$00000003)
    .ARM.Collect$$rtexit$$00000004           0x0000015c   Section        6  rtexit2.o(.ARM.Collect$$rtexit$$00000004)
    .text                                    0x00000164   Section       52  startup_mkl46z4.o(.text)
    .text                                    0x00000198   Section      346  aeabi_sdiv.o(.text)
    .text                                    0x000002f2   Section        0  heapauxi.o(.text)
    .text                                    0x000002f8   Section        0  d2f.o(.text)
    .text                                    0x00000374   Section        0  f2d.o(.text)
    .text                                    0x000003c8   Section        0  ffixui.o(.text)
    .text                                    0x000003f8   Section        8  libspace.o(.text)
    .ARM.__at_0x400                          0x00000400   Section       16  startup_mkl46z4.o(.ARM.__at_0x400)
    .text                                    0x00000410   Section        0  daddsub.o(.text)
    _dadd1                                   0x00000411   Thumb Code   290  daddsub.o(.text)
    _dsub1                                   0x00000533   Thumb Code   470  daddsub.o(.text)
    .text                                    0x00000768   Section        0  dmul.o(.text)
    .text                                    0x000009b0   Section        0  fdiv.o(.text)
    .text                                    0x00000b10   Section        0  ffixi.o(.text)
    .text                                    0x00000b5c   Section        0  fflti.o(.text)
    .text                                    0x00000bbc   Section        0  fcmpin.o(.text)
    .text                                    0x00000c20   Section        0  cmpret.o(.text)
    .text                                    0x00000c50   Section        0  fnan2.o(.text)
    .text                                    0x00000c60   Section       62  sys_stackheap_outer.o(.text)
    .text                                    0x00000c9e   Section        0  exit.o(.text)
    .text                                    0x00000cae   Section        0  retnan.o(.text)
    .text                                    0x00000d0c   Section        0  sys_exit.o(.text)
    .text                                    0x00000d18   Section        2  use_no_semi.o(.text)
    .text                                    0x00000d1a   Section        0  indicate_semi.o(.text)
    i.Ascii_to_int                           0x00000d1a   Section        0  uart0.o(i.Ascii_to_int)
    i.I2C0_IRQHandler                        0x00000d60   Section        0  i2c.o(i.I2C0_IRQHandler)
    i.NVIC_SetPriority                       0x00000d94   Section        0  i2c.o(i.NVIC_SetPriority)
    NVIC_SetPriority                         0x00000d95   Thumb Code   110  i2c.o(i.NVIC_SetPriority)
    i.NVIC_SetPriority                       0x00000e0c   Section        0  uart0.o(i.NVIC_SetPriority)
    NVIC_SetPriority                         0x00000e0d   Thumb Code   110  uart0.o(i.NVIC_SetPriority)
    i.NVIC_SetPriority                       0x00000e84   Section        0  pit.o(i.NVIC_SetPriority)
    NVIC_SetPriority                         0x00000e85   Thumb Code   110  pit.o(i.NVIC_SetPriority)
    i.PIT_IRQHandler                         0x00000efc   Section        0  pit.o(i.PIT_IRQHandler)
    i.SystemInit                             0x00001008   Section        0  system_mkl46z4.o(i.SystemInit)
    i.UART0_IRQHandler                       0x000010b0   Section        0  uart0.o(i.UART0_IRQHandler)
    i.__ARM_common_switch8                   0x00001188   Section        0  slcd.o(i.__ARM_common_switch8)
    i.delay_mc                               0x000011a4   Section        0  extra.o(i.delay_mc)
    i.humidRead                              0x000011c0   Section        0  sensors.o(i.humidRead)
    i.humidsensorInitialize                  0x00001270   Section        0  sensors.o(i.humidsensorInitialize)
    i.i2cInitialize                          0x0000130c   Section        0  i2c.o(i.i2cInitialize)
    i.i2cRead                                0x000013cc   Section        0  i2c.o(i.i2cRead)
    i.i2cWrite                               0x00001454   Section        0  i2c.o(i.i2cWrite)
    i.i2cstarttransmit                       0x000014cc   Section        0  i2c.o(i.i2cstarttransmit)
    i.in_progress                            0x00001504   Section        0  i2c.o(i.in_progress)
    i.int_to_ascii                           0x0000151c   Section        0  uart0.o(i.int_to_ascii)
    i.ledgreenBlink                          0x00001560   Section        0  leds.o(i.ledgreenBlink)
    i.ledgreenOn                             0x00001598   Section        0  leds.o(i.ledgreenOn)
    i.ledgreenToggle                         0x000015ac   Section        0  leds.o(i.ledgreenToggle)
    i.ledredBlink                            0x000015c0   Section        0  leds.o(i.ledredBlink)
    i.ledredOn                               0x000015f8   Section        0  leds.o(i.ledredOn)
    i.ledredToggle                           0x0000160c   Section        0  leds.o(i.ledredToggle)
    i.ledsInitialize                         0x00001620   Section        0  leds.o(i.ledsInitialize)
    i.ledsOff                                0x00001694   Section        0  leds.o(i.ledsOff)
    i.lightRead                              0x000016b0   Section        0  sensors.o(i.lightRead)
    i.lightsensorInitialize                  0x00001804   Section        0  sensors.o(i.lightsensorInitialize)
    i.main                                   0x00001840   Section        0  main.o(i.main)
    i.pitInitialize                          0x00001868   Section        0  pit.o(i.pitInitialize)
    i.pressRead                              0x000018d4   Section        0  sensors.o(i.pressRead)
    i.pressensorInitialize                   0x00001924   Section        0  sensors.o(i.pressensorInitialize)
    i.slcdClear                              0x00001940   Section        0  slcd.o(i.slcdClear)
    i.slcdDisplay                            0x00001964   Section        0  slcd.o(i.slcdDisplay)
    i.slcdErr                                0x000019cc   Section        0  slcd.o(i.slcdErr)
    i.slcdInitialize                         0x00001a08   Section        0  slcd.o(i.slcdInitialize)
    i.slcdSet                                0x00001ad0   Section        0  slcd.o(i.slcdSet)
    i.tempRead                               0x00001cbc   Section        0  sensors.o(i.tempRead)
    i.tempsensorInitialize                   0x00001d20   Section        0  sensors.o(i.tempsensorInitialize)
    i.uart0Init                              0x00001d24   Section        0  uart0.o(i.uart0Init)
    i.uart0sendblock                         0x00001e38   Section        0  uart0.o(i.uart0sendblock)
    i.uart0transmit                          0x00001eb4   Section        0  uart0.o(i.uart0transmit)
    x$fpl$fadd                               0x00001ecc   Section      140  faddsub.o(x$fpl$fadd)
    _fadd1                                   0x00001ed9   Thumb Code     0  faddsub.o(x$fpl$fadd)
    x$fpl$fmul                               0x00001f58   Section      176  fmul.o(x$fpl$fmul)
    x$fpl$frleqf                             0x00002008   Section       88  frlef.o(x$fpl$frleqf)
    x$fpl$fsub                               0x00002060   Section      208  faddsub.o(x$fpl$fsub)
    _fsub1                                   0x0000206d   Thumb Code     0  faddsub.o(x$fpl$fsub)
    .constdata                               0x00002130   Section        8  leds.o(.constdata)
    x$fpl$usenofp                            0x00002130   Section        0  usenofp.o(x$fpl$usenofp)
    led_mask                                 0x00002130   Data           8  leds.o(.constdata)
    .constdata                               0x00002138   Section        8  slcd.o(.constdata)
    LCD_Front_Pin                            0x00002138   Data           8  slcd.o(.constdata)
    .constdata                               0x00002140   Section       64  fdiv.o(.constdata)
    fdiv_tab                                 0x00002140   Data          64  fdiv.o(.constdata)
    .data                                    0x1fffe000   Section        1  i2c.o(.data)
    transfer_flag                            0x1fffe000   Data           1  i2c.o(.data)
    .data                                    0x1fffe004   Section       54  sensors.o(.data)
    transfer_flag                            0x1fffe004   Data           1  sensors.o(.data)
    databuffer                               0x1fffe005   Data           4  sensors.o(.data)
    temperature_value                        0x1fffe00a   Data           2  sensors.o(.data)
    visiblelight                             0x1fffe00c   Data           2  sensors.o(.data)
    infralight                               0x1fffe00e   Data           2  sensors.o(.data)
    pressure_value                           0x1fffe010   Data           4  sensors.o(.data)
    humidity_value                           0x1fffe014   Data           2  sensors.o(.data)
    tempresult                               0x1fffe018   Data           4  sensors.o(.data)
    pressresult                              0x1fffe01c   Data           4  sensors.o(.data)
    lightresult                              0x1fffe020   Data           4  sensors.o(.data)
    humresult                                0x1fffe024   Data           2  sensors.o(.data)
    cpl                                      0x1fffe028   Data           4  sensors.o(.data)
    lux1                                     0x1fffe02c   Data           4  sensors.o(.data)
    lux2                                     0x1fffe030   Data           4  sensors.o(.data)
    Hcoeff0                                  0x1fffe034   Data           1  sensors.o(.data)
    Hcoeff1                                  0x1fffe035   Data           1  sensors.o(.data)
    Hinterpol0                               0x1fffe036   Data           2  sensors.o(.data)
    Hinterpol1                               0x1fffe038   Data           2  sensors.o(.data)
    .data                                    0x1fffe03a   Section       21  uart0.o(.data)
    ReceivedBlock                            0x1fffe03a   Data           4  uart0.o(.data)
    i                                        0x1fffe03e   Data           1  uart0.o(.data)
    j                                        0x1fffe03f   Data           1  uart0.o(.data)
    text                                     0x1fffe040   Data          14  uart0.o(.data)
    length                                   0x1fffe04e   Data           1  uart0.o(.data)
    .data                                    0x1fffe050   Section       55  pit.o(.data)
    transfer_flag                            0x1fffe050   Data           1  pit.o(.data)
    databuffer                               0x1fffe051   Data           4  pit.o(.data)
    temperature_value                        0x1fffe056   Data           2  pit.o(.data)
    visiblelight                             0x1fffe058   Data           2  pit.o(.data)
    infralight                               0x1fffe05a   Data           2  pit.o(.data)
    pressure_value                           0x1fffe05c   Data           4  pit.o(.data)
    humidity_value                           0x1fffe060   Data           2  pit.o(.data)
    tempresult                               0x1fffe064   Data           4  pit.o(.data)
    pressresult                              0x1fffe068   Data           4  pit.o(.data)
    lightresult                              0x1fffe06c   Data           4  pit.o(.data)
    humresult                                0x1fffe070   Data           2  pit.o(.data)
    cpl                                      0x1fffe074   Data           4  pit.o(.data)
    lux1                                     0x1fffe078   Data           4  pit.o(.data)
    lux2                                     0x1fffe07c   Data           4  pit.o(.data)
    Hcoeff0                                  0x1fffe080   Data           1  pit.o(.data)
    Hcoeff1                                  0x1fffe081   Data           1  pit.o(.data)
    Hinterpol0                               0x1fffe082   Data           2  pit.o(.data)
    Hinterpol1                               0x1fffe084   Data           2  pit.o(.data)
    i                                        0x1fffe086   Data           1  pit.o(.data)
    .bss                                     0x1fffe088   Section       96  libspace.o(.bss)
    HEAP                                     0x1fffe0e8   Section        0  startup_mkl46z4.o(HEAP)
    STACK                                    0x1fffe0e8   Section      256  startup_mkl46z4.o(STACK)
    Heap_Mem                                 0x1fffe0e8   Data           0  startup_mkl46z4.o(HEAP)
    Stack_Mem                                0x1fffe0e8   Data         256  startup_mkl46z4.o(STACK)
    __initial_sp                             0x1fffe1e8   Data           0  startup_mkl46z4.o(STACK)

    Global Symbols

    Symbol Name                              Value     Ov Type        Size  Object(Section)

    BuildAttributes$$THM_ISAv3M$S$PE$A:L22$X:L11$S22$IEEE1$IW$USESV6$~STKCKD$USESV7$~SHL$OSPACE$ROPI$EBA8$UX$STANDARDLIB$REQ8$PRES8$EABIv2 0x00000000   Number         0  anon$$obj.o ABSOLUTE
    __ARM_use_no_argv                        0x00000000   Number         0  main.o ABSOLUTE
    __Vectors                                0x00000000   Data           4  startup_mkl46z4.o(RESET)
    __ARM_exceptions_init                     - Undefined Weak Reference
    __alloca_initialize                       - Undefined Weak Reference
    __arm_preinit_                            - Undefined Weak Reference
    __cpp_initialize__aeabi_                  - Undefined Weak Reference
    __cxa_finalize                            - Undefined Weak Reference
    __rt_locale                               - Undefined Weak Reference
    __sigvec_lookup                           - Undefined Weak Reference
    _atexit_init                              - Undefined Weak Reference
    _call_atexit_fns                          - Undefined Weak Reference
    _clock_init                               - Undefined Weak Reference
    _fp_trap_init                             - Undefined Weak Reference
    _fp_trap_shutdown                         - Undefined Weak Reference
    _get_lc_collate                           - Undefined Weak Reference
    _get_lc_ctype                             - Undefined Weak Reference
    _get_lc_monetary                          - Undefined Weak Reference
    _get_lc_numeric                           - Undefined Weak Reference
    _get_lc_time                              - Undefined Weak Reference
    _getenv_init                              - Undefined Weak Reference
    _handle_redirection                       - Undefined Weak Reference
    _init_alloc                               - Undefined Weak Reference
    _init_user_alloc                          - Undefined Weak Reference
    _initio                                   - Undefined Weak Reference
    _rand_init                                - Undefined Weak Reference
    _signal_finish                            - Undefined Weak Reference
    _signal_init                              - Undefined Weak Reference
    _terminate_alloc                          - Undefined Weak Reference
    _terminate_user_alloc                     - Undefined Weak Reference
    _terminateio                              - Undefined Weak Reference
    __Vectors_End                            0x000000c0   Data           0  startup_mkl46z4.o(RESET)
    __Vectors_Size                           0x000000c0   Number         0  startup_mkl46z4.o ABSOLUTE
    __main                                   0x000000c1   Thumb Code     8  __main.o(!!!main)
    __scatterload                            0x000000c9   Thumb Code     0  __scatter.o(!!!scatter)
    __scatterload_rt2                        0x000000c9   Thumb Code    52  __scatter.o(!!!scatter)
    __scatterload_rt2_thumb_only             0x000000c9   Thumb Code     0  __scatter.o(!!!scatter)
    __scatterload_null                       0x000000d9   Thumb Code     0  __scatter.o(!!!scatter)
    __scatterload_copy                       0x00000105   Thumb Code    26  __scatter_copy.o(!!handler_copy)
    __scatterload_zeroinit                   0x00000121   Thumb Code    28  __scatter_zi.o(!!handler_zi)
    __rt_lib_init                            0x0000013d   Thumb Code     0  libinit.o(.ARM.Collect$$libinit$$00000000)
    __rt_lib_init_alloca_1                   0x0000013f   Thumb Code     0  libinit2.o(.ARM.Collect$$libinit$$0000002E)
    __rt_lib_init_argv_1                     0x0000013f   Thumb Code     0  libinit2.o(.ARM.Collect$$libinit$$0000002C)
    __rt_lib_init_atexit_1                   0x0000013f   Thumb Code     0  libinit2.o(.ARM.Collect$$libinit$$0000001B)
    __rt_lib_init_clock_1                    0x0000013f   Thumb Code     0  libinit2.o(.ARM.Collect$$libinit$$00000021)
    __rt_lib_init_cpp_1                      0x0000013f   Thumb Code     0  libinit2.o(.ARM.Collect$$libinit$$00000032)
    __rt_lib_init_exceptions_1               0x0000013f   Thumb Code     0  libinit2.o(.ARM.Collect$$libinit$$00000030)
    __rt_lib_init_fp_1                       0x0000013f   Thumb Code     0  libinit2.o(.ARM.Collect$$libinit$$00000002)
    __rt_lib_init_fp_trap_1                  0x0000013f   Thumb Code     0  libinit2.o(.ARM.Collect$$libinit$$0000001F)
    __rt_lib_init_getenv_1                   0x0000013f   Thumb Code     0  libinit2.o(.ARM.Collect$$libinit$$00000023)
    __rt_lib_init_heap_1                     0x0000013f   Thumb Code     0  libinit2.o(.ARM.Collect$$libinit$$0000000A)
    __rt_lib_init_lc_collate_1               0x0000013f   Thumb Code     0  libinit2.o(.ARM.Collect$$libinit$$00000011)
    __rt_lib_init_lc_ctype_1                 0x0000013f   Thumb Code     0  libinit2.o(.ARM.Collect$$libinit$$00000013)
    __rt_lib_init_lc_monetary_1              0x0000013f   Thumb Code     0  libinit2.o(.ARM.Collect$$libinit$$00000015)
    __rt_lib_init_lc_numeric_1               0x0000013f   Thumb Code     0  libinit2.o(.ARM.Collect$$libinit$$00000017)
    __rt_lib_init_lc_time_1                  0x0000013f   Thumb Code     0  libinit2.o(.ARM.Collect$$libinit$$00000019)
    __rt_lib_init_preinit_1                  0x0000013f   Thumb Code     0  libinit2.o(.ARM.Collect$$libinit$$00000004)
    __rt_lib_init_rand_1                     0x0000013f   Thumb Code     0  libinit2.o(.ARM.Collect$$libinit$$0000000E)
    __rt_lib_init_return                     0x0000013f   Thumb Code     0  libinit2.o(.ARM.Collect$$libinit$$00000033)
    __rt_lib_init_signal_1                   0x0000013f   Thumb Code     0  libinit2.o(.ARM.Collect$$libinit$$0000001D)
    __rt_lib_init_stdio_1                    0x0000013f   Thumb Code     0  libinit2.o(.ARM.Collect$$libinit$$00000025)
    __rt_lib_init_user_alloc_1               0x0000013f   Thumb Code     0  libinit2.o(.ARM.Collect$$libinit$$0000000C)
    __rt_lib_shutdown                        0x00000141   Thumb Code     0  libshutdown.o(.ARM.Collect$$libshutdown$$00000000)
    __rt_lib_shutdown_cpp_1                  0x00000143   Thumb Code     0  libshutdown2.o(.ARM.Collect$$libshutdown$$00000002)
    __rt_lib_shutdown_fp_trap_1              0x00000143   Thumb Code     0  libshutdown2.o(.ARM.Collect$$libshutdown$$00000007)
    __rt_lib_shutdown_heap_1                 0x00000143   Thumb Code     0  libshutdown2.o(.ARM.Collect$$libshutdown$$0000000F)
    __rt_lib_shutdown_return                 0x00000143   Thumb Code     0  libshutdown2.o(.ARM.Collect$$libshutdown$$00000010)
    __rt_lib_shutdown_signal_1               0x00000143   Thumb Code     0  libshutdown2.o(.ARM.Collect$$libshutdown$$0000000A)
    __rt_lib_shutdown_stdio_1                0x00000143   Thumb Code     0  libshutdown2.o(.ARM.Collect$$libshutdown$$00000004)
    __rt_lib_shutdown_user_alloc_1           0x00000143   Thumb Code     0  libshutdown2.o(.ARM.Collect$$libshutdown$$0000000C)
    __rt_entry                               0x00000145   Thumb Code     0  __rtentry.o(.ARM.Collect$$rtentry$$00000000)
    __rt_entry_presh_1                       0x00000145   Thumb Code     0  __rtentry2.o(.ARM.Collect$$rtentry$$00000002)
    __rt_entry_sh                            0x00000145   Thumb Code     0  __rtentry4.o(.ARM.Collect$$rtentry$$00000004)
    __rt_entry_li                            0x0000014b   Thumb Code     0  __rtentry2.o(.ARM.Collect$$rtentry$$0000000A)
    __rt_entry_postsh_1                      0x0000014b   Thumb Code     0  __rtentry2.o(.ARM.Collect$$rtentry$$00000009)
    __rt_entry_main                          0x0000014f   Thumb Code     0  __rtentry2.o(.ARM.Collect$$rtentry$$0000000D)
    __rt_entry_postli_1                      0x0000014f   Thumb Code     0  __rtentry2.o(.ARM.Collect$$rtentry$$0000000C)
    __rt_exit                                0x00000157   Thumb Code     0  rtexit.o(.ARM.Collect$$rtexit$$00000000)
    __rt_exit_ls                             0x00000159   Thumb Code     0  rtexit2.o(.ARM.Collect$$rtexit$$00000003)
    __rt_exit_prels_1                        0x00000159   Thumb Code     0  rtexit2.o(.ARM.Collect$$rtexit$$00000002)
    __rt_exit_exit                           0x0000015d   Thumb Code     0  rtexit2.o(.ARM.Collect$$rtexit$$00000004)
    Reset_Handler                            0x00000165   Thumb Code     8  startup_mkl46z4.o(.text)
    NMI_Handler                              0x0000016d   Thumb Code     2  startup_mkl46z4.o(.text)
    HardFault_Handler                        0x0000016f   Thumb Code     2  startup_mkl46z4.o(.text)
    SVC_Handler                              0x00000171   Thumb Code     2  startup_mkl46z4.o(.text)
    PendSV_Handler                           0x00000173   Thumb Code     2  startup_mkl46z4.o(.text)
    SysTick_Handler                          0x00000175   Thumb Code     2  startup_mkl46z4.o(.text)
    ADC0_IRQHandler                          0x00000177   Thumb Code     0  startup_mkl46z4.o(.text)
    CMP0_IRQHandler                          0x00000177   Thumb Code     0  startup_mkl46z4.o(.text)
    DAC0_IRQHandler                          0x00000177   Thumb Code     0  startup_mkl46z4.o(.text)
    DMA0_IRQHandler                          0x00000177   Thumb Code     0  startup_mkl46z4.o(.text)
    DMA1_IRQHandler                          0x00000177   Thumb Code     0  startup_mkl46z4.o(.text)
    DMA2_IRQHandler                          0x00000177   Thumb Code     0  startup_mkl46z4.o(.text)
    DMA3_IRQHandler                          0x00000177   Thumb Code     0  startup_mkl46z4.o(.text)
    DefaultISR                               0x00000177   Thumb Code     0  startup_mkl46z4.o(.text)
    FTFA_IRQHandler                          0x00000177   Thumb Code     0  startup_mkl46z4.o(.text)
    I2C1_IRQHandler                          0x00000177   Thumb Code     0  startup_mkl46z4.o(.text)
    I2S0_IRQHandler                          0x00000177   Thumb Code     0  startup_mkl46z4.o(.text)
    LCD_IRQHandler                           0x00000177   Thumb Code     0  startup_mkl46z4.o(.text)
    LLW_IRQHandler                           0x00000177   Thumb Code     0  startup_mkl46z4.o(.text)
    LPTimer_IRQHandler                       0x00000177   Thumb Code     0  startup_mkl46z4.o(.text)
    LVD_LVW_IRQHandler                       0x00000177   Thumb Code     0  startup_mkl46z4.o(.text)
    MCG_IRQHandler                           0x00000177   Thumb Code     0  startup_mkl46z4.o(.text)
    PORTA_IRQHandler                         0x00000177   Thumb Code     0  startup_mkl46z4.o(.text)
    PORTC_PORTD_IRQHandler                   0x00000177   Thumb Code     0  startup_mkl46z4.o(.text)
    RTC_IRQHandler                           0x00000177   Thumb Code     0  startup_mkl46z4.o(.text)
    RTC_Seconds_IRQHandler                   0x00000177   Thumb Code     0  startup_mkl46z4.o(.text)
    Reserved20_IRQHandler                    0x00000177   Thumb Code     0  startup_mkl46z4.o(.text)
    SPI0_IRQHandler                          0x00000177   Thumb Code     0  startup_mkl46z4.o(.text)
    SPI1_IRQHandler                          0x00000177   Thumb Code     0  startup_mkl46z4.o(.text)
    TPM0_IRQHandler                          0x00000177   Thumb Code     0  startup_mkl46z4.o(.text)
    TPM1_IRQHandler                          0x00000177   Thumb Code     0  startup_mkl46z4.o(.text)
    TPM2_IRQHandler                          0x00000177   Thumb Code     0  startup_mkl46z4.o(.text)
    TSI0_IRQHandler                          0x00000177   Thumb Code     0  startup_mkl46z4.o(.text)
    UART1_IRQHandler                         0x00000177   Thumb Code     0  startup_mkl46z4.o(.text)
    UART2_IRQHandler                         0x00000177   Thumb Code     0  startup_mkl46z4.o(.text)
    USB0_IRQHandler                          0x00000177   Thumb Code     0  startup_mkl46z4.o(.text)
    __user_initial_stackheap                 0x00000179   Thumb Code     0  startup_mkl46z4.o(.text)
    __aeabi_uidiv                            0x00000199   Thumb Code     0  aeabi_sdiv.o(.text)
    __aeabi_uidivmod                         0x00000199   Thumb Code    20  aeabi_sdiv.o(.text)
    __aeabi_idiv                             0x000001ad   Thumb Code     0  aeabi_sdiv.o(.text)
    __aeabi_idivmod                          0x000001ad   Thumb Code   326  aeabi_sdiv.o(.text)
    __use_two_region_memory                  0x000002f3   Thumb Code     2  heapauxi.o(.text)
    __rt_heap_escrow$2region                 0x000002f5   Thumb Code     2  heapauxi.o(.text)
    __rt_heap_expand$2region                 0x000002f7   Thumb Code     2  heapauxi.o(.text)
    __aeabi_d2f                              0x000002f9   Thumb Code     0  d2f.o(.text)
    _d2f                                     0x000002f9   Thumb Code   120  d2f.o(.text)
    __aeabi_f2d                              0x00000375   Thumb Code     0  f2d.o(.text)
    _f2d                                     0x00000375   Thumb Code    80  f2d.o(.text)
    __aeabi_f2uiz                            0x000003c9   Thumb Code     0  ffixui.o(.text)
    _ffixu                                   0x000003c9   Thumb Code    48  ffixui.o(.text)
    __user_libspace                          0x000003f9   Thumb Code     8  libspace.o(.text)
    __user_perproc_libspace                  0x000003f9   Thumb Code     0  libspace.o(.text)
    __user_perthread_libspace                0x000003f9   Thumb Code     0  libspace.o(.text)
    __aeabi_dadd                             0x00000709   Thumb Code     0  daddsub.o(.text)
    _dadd                                    0x00000709   Thumb Code    26  daddsub.o(.text)
    __aeabi_dsub                             0x00000723   Thumb Code     0  daddsub.o(.text)
    _dsub                                    0x00000723   Thumb Code    22  daddsub.o(.text)
    __aeabi_drsub                            0x00000739   Thumb Code     0  daddsub.o(.text)
    _drsb                                    0x00000739   Thumb Code    28  daddsub.o(.text)
    __aeabi_dmul                             0x00000769   Thumb Code     0  dmul.o(.text)
    _dmul                                    0x00000769   Thumb Code   558  dmul.o(.text)
    __aeabi_fdiv                             0x000009b1   Thumb Code     0  fdiv.o(.text)
    _fdiv                                    0x000009b1   Thumb Code   334  fdiv.o(.text)
    _frdiv                                   0x00000aff   Thumb Code     8  fdiv.o(.text)
    __aeabi_f2iz                             0x00000b11   Thumb Code     0  ffixi.o(.text)
    _ffix                                    0x00000b11   Thumb Code    76  ffixi.o(.text)
    __aeabi_i2f_normalise                    0x00000b5d   Thumb Code    72  fflti.o(.text)
    __aeabi_i2f                              0x00000ba5   Thumb Code    16  fflti.o(.text)
    _fflt                                    0x00000ba5   Thumb Code     0  fflti.o(.text)
    __aeabi_ui2f                             0x00000bb5   Thumb Code     6  fflti.o(.text)
    _ffltu                                   0x00000bb5   Thumb Code     0  fflti.o(.text)
    __fpl_fcmp_InfNaN                        0x00000bbd   Thumb Code    96  fcmpin.o(.text)
    __fpl_cmpreturn                          0x00000c21   Thumb Code    46  cmpret.o(.text)
    __fpl_fcheck_NaN2                        0x00000c51   Thumb Code    10  fnan2.o(.text)
    __user_setup_stackheap                   0x00000c61   Thumb Code    62  sys_stackheap_outer.o(.text)
    exit                                     0x00000c9f   Thumb Code    16  exit.o(.text)
    __fpl_return_NaN                         0x00000caf   Thumb Code    94  retnan.o(.text)
    _sys_exit                                0x00000d0d   Thumb Code     8  sys_exit.o(.text)
    __I$use$semihosting                      0x00000d19   Thumb Code     0  use_no_semi.o(.text)
    __use_no_semihosting_swi                 0x00000d19   Thumb Code     2  use_no_semi.o(.text)
    Ascii_to_int                             0x00000d1b   Thumb Code    70  uart0.o(i.Ascii_to_int)
    __semihosting_library_function           0x00000d1b   Thumb Code     0  indicate_semi.o(.text)
    I2C0_IRQHandler                          0x00000d61   Thumb Code    44  i2c.o(i.I2C0_IRQHandler)
    PIT_IRQHandler                           0x00000efd   Thumb Code   258  pit.o(i.PIT_IRQHandler)
    SystemInit                               0x00001009   Thumb Code   144  system_mkl46z4.o(i.SystemInit)
    UART0_IRQHandler                         0x000010b1   Thumb Code   198  uart0.o(i.UART0_IRQHandler)
    __ARM_common_switch8                     0x00001189   Thumb Code    28  slcd.o(i.__ARM_common_switch8)
    delay_mc                                 0x000011a5   Thumb Code    24  extra.o(i.delay_mc)
    humidRead                                0x000011c1   Thumb Code   146  sensors.o(i.humidRead)
    humidsensorInitialize                    0x00001271   Thumb Code   136  sensors.o(i.humidsensorInitialize)
    i2cInitialize                            0x0000130d   Thumb Code   168  i2c.o(i.i2cInitialize)
    i2cRead                                  0x000013cd   Thumb Code   130  i2c.o(i.i2cRead)
    i2cWrite                                 0x00001455   Thumb Code   114  i2c.o(i.i2cWrite)
    i2cstarttransmit                         0x000014cd   Thumb Code    50  i2c.o(i.i2cstarttransmit)
    in_progress                              0x00001505   Thumb Code    18  i2c.o(i.in_progress)
    int_to_ascii                             0x0000151d   Thumb Code    68  uart0.o(i.int_to_ascii)
    ledgreenBlink                            0x00001561   Thumb Code    46  leds.o(i.ledgreenBlink)
    ledgreenOn                               0x00001599   Thumb Code    10  leds.o(i.ledgreenOn)
    ledgreenToggle                           0x000015ad   Thumb Code    10  leds.o(i.ledgreenToggle)
    ledredBlink                              0x000015c1   Thumb Code    46  leds.o(i.ledredBlink)
    ledredOn                                 0x000015f9   Thumb Code    10  leds.o(i.ledredOn)
    ledredToggle                             0x0000160d   Thumb Code    10  leds.o(i.ledredToggle)
    ledsInitialize                           0x00001621   Thumb Code    94  leds.o(i.ledsInitialize)
    ledsOff                                  0x00001695   Thumb Code    20  leds.o(i.ledsOff)
    lightRead                                0x000016b1   Thumb Code   294  sensors.o(i.lightRead)
    lightsensorInitialize                    0x00001805   Thumb Code    46  sensors.o(i.lightsensorInitialize)
    main                                     0x00001841   Thumb Code    40  main.o(i.main)
    pitInitialize                            0x00001869   Thumb Code    84  pit.o(i.pitInitialize)
    pressRead                                0x000018d5   Thumb Code    66  sensors.o(i.pressRead)
    pressensorInitialize                     0x00001925   Thumb Code    22  sensors.o(i.pressensorInitialize)
    slcdClear                                0x00001941   Thumb Code    26  slcd.o(i.slcdClear)
    slcdDisplay                              0x00001965   Thumb Code    98  slcd.o(i.slcdDisplay)
    slcdErr                                  0x000019cd   Thumb Code    52  slcd.o(i.slcdErr)
    slcdInitialize                           0x00001a09   Thumb Code   152  slcd.o(i.slcdInitialize)
    slcdSet                                  0x00001ad1   Thumb Code   484  slcd.o(i.slcdSet)
    tempRead                                 0x00001cbd   Thumb Code    84  sensors.o(i.tempRead)
    tempsensorInitialize                     0x00001d21   Thumb Code     2  sensors.o(i.tempsensorInitialize)
    uart0Init                                0x00001d25   Thumb Code   244  uart0.o(i.uart0Init)
    uart0sendblock                           0x00001e39   Thumb Code   118  uart0.o(i.uart0sendblock)
    uart0transmit                            0x00001eb5   Thumb Code    20  uart0.o(i.uart0transmit)
    __aeabi_fadd                             0x00001ecd   Thumb Code     0  faddsub.o(x$fpl$fadd)
    _fadd                                    0x00001ecd   Thumb Code   134  faddsub.o(x$fpl$fadd)
    __aeabi_fmul                             0x00001f59   Thumb Code     0  fmul.o(x$fpl$fmul)
    _fmul                                    0x00001f59   Thumb Code   172  fmul.o(x$fpl$fmul)
    __aeabi_cfrcmple                         0x00002009   Thumb Code     0  frlef.o(x$fpl$frleqf)
    _frcmple                                 0x00002009   Thumb Code    84  frlef.o(x$fpl$frleqf)
    __aeabi_fsub                             0x00002061   Thumb Code     0  faddsub.o(x$fpl$fsub)
    _fsub                                    0x00002061   Thumb Code   204  faddsub.o(x$fpl$fsub)
    __I$use$fp                               0x00002130   Number         0  usenofp.o(x$fpl$usenofp)
    Region$$Table$$Base                      0x00002180   Number         0  anon$$obj.o(Region$$Table)
    Region$$Table$$Limit                     0x000021a0   Number         0  anon$$obj.o(Region$$Table)
    __libspace_start                         0x1fffe088   Data          96  libspace.o(.bss)
    __temporary_stack_top$libspace           0x1fffe0e8   Data           0  libspace.o(.bss)



==============================================================================

Memory Map of the image

  Image Entry point : 0x00000165

  Load Region LR_1 (Base: 0x00000000, Size: 0x00002228, Max: 0xffffffff, ABSOLUTE)

    Execution Region ER_RO (Exec base: 0x00000000, Load base: 0x00000000, Size: 0x000021a0, Max: 0xffffffff, ABSOLUTE)

    Exec Addr    Load Addr    Size         Type   Attr      Idx    E Section Name        Object

    0x00000000   0x00000000   0x000000c0   Data   RO          452    RESET               startup_mkl46z4.o
    0x000000c0   0x000000c0   0x00000008   Code   RO          500  * !!!main             c_p.l(__main.o)
    0x000000c8   0x000000c8   0x0000003c   Code   RO          705    !!!scatter          c_p.l(__scatter.o)
    0x00000104   0x00000104   0x0000001a   Code   RO          707    !!handler_copy      c_p.l(__scatter_copy.o)
    0x0000011e   0x0000011e   0x00000002   PAD
    0x00000120   0x00000120   0x0000001c   Code   RO          709    !!handler_zi        c_p.l(__scatter_zi.o)
    0x0000013c   0x0000013c   0x00000002   Code   RO          572    .ARM.Collect$$libinit$$00000000  c_p.l(libinit.o)
    0x0000013e   0x0000013e   0x00000000   Code   RO          588    .ARM.Collect$$libinit$$00000002  c_p.l(libinit2.o)
    0x0000013e   0x0000013e   0x00000000   Code   RO          590    .ARM.Collect$$libinit$$00000004  c_p.l(libinit2.o)
    0x0000013e   0x0000013e   0x00000000   Code   RO          593    .ARM.Collect$$libinit$$0000000A  c_p.l(libinit2.o)
    0x0000013e   0x0000013e   0x00000000   Code   RO          595    .ARM.Collect$$libinit$$0000000C  c_p.l(libinit2.o)
    0x0000013e   0x0000013e   0x00000000   Code   RO          597    .ARM.Collect$$libinit$$0000000E  c_p.l(libinit2.o)
    0x0000013e   0x0000013e   0x00000000   Code   RO          600    .ARM.Collect$$libinit$$00000011  c_p.l(libinit2.o)
    0x0000013e   0x0000013e   0x00000000   Code   RO          602    .ARM.Collect$$libinit$$00000013  c_p.l(libinit2.o)
    0x0000013e   0x0000013e   0x00000000   Code   RO          604    .ARM.Collect$$libinit$$00000015  c_p.l(libinit2.o)
    0x0000013e   0x0000013e   0x00000000   Code   RO          606    .ARM.Collect$$libinit$$00000017  c_p.l(libinit2.o)
    0x0000013e   0x0000013e   0x00000000   Code   RO          608    .ARM.Collect$$libinit$$00000019  c_p.l(libinit2.o)
    0x0000013e   0x0000013e   0x00000000   Code   RO          610    .ARM.Collect$$libinit$$0000001B  c_p.l(libinit2.o)
    0x0000013e   0x0000013e   0x00000000   Code   RO          612    .ARM.Collect$$libinit$$0000001D  c_p.l(libinit2.o)
    0x0000013e   0x0000013e   0x00000000   Code   RO          614    .ARM.Collect$$libinit$$0000001F  c_p.l(libinit2.o)
    0x0000013e   0x0000013e   0x00000000   Code   RO          616    .ARM.Collect$$libinit$$00000021  c_p.l(libinit2.o)
    0x0000013e   0x0000013e   0x00000000   Code   RO          618    .ARM.Collect$$libinit$$00000023  c_p.l(libinit2.o)
    0x0000013e   0x0000013e   0x00000000   Code   RO          620    .ARM.Collect$$libinit$$00000025  c_p.l(libinit2.o)
    0x0000013e   0x0000013e   0x00000000   Code   RO          624    .ARM.Collect$$libinit$$0000002C  c_p.l(libinit2.o)
    0x0000013e   0x0000013e   0x00000000   Code   RO          626    .ARM.Collect$$libinit$$0000002E  c_p.l(libinit2.o)
    0x0000013e   0x0000013e   0x00000000   Code   RO          628    .ARM.Collect$$libinit$$00000030  c_p.l(libinit2.o)
    0x0000013e   0x0000013e   0x00000000   Code   RO          630    .ARM.Collect$$libinit$$00000032  c_p.l(libinit2.o)
    0x0000013e   0x0000013e   0x00000002   Code   RO          631    .ARM.Collect$$libinit$$00000033  c_p.l(libinit2.o)
    0x00000140   0x00000140   0x00000002   Code   RO          662    .ARM.Collect$$libshutdown$$00000000  c_p.l(libshutdown.o)
    0x00000142   0x00000142   0x00000000   Code   RO          688    .ARM.Collect$$libshutdown$$00000002  c_p.l(libshutdown2.o)
    0x00000142   0x00000142   0x00000000   Code   RO          690    .ARM.Collect$$libshutdown$$00000004  c_p.l(libshutdown2.o)
    0x00000142   0x00000142   0x00000000   Code   RO          693    .ARM.Collect$$libshutdown$$00000007  c_p.l(libshutdown2.o)
    0x00000142   0x00000142   0x00000000   Code   RO          696    .ARM.Collect$$libshutdown$$0000000A  c_p.l(libshutdown2.o)
    0x00000142   0x00000142   0x00000000   Code   RO          698    .ARM.Collect$$libshutdown$$0000000C  c_p.l(libshutdown2.o)
    0x00000142   0x00000142   0x00000000   Code   RO          701    .ARM.Collect$$libshutdown$$0000000F  c_p.l(libshutdown2.o)
    0x00000142   0x00000142   0x00000002   Code   RO          702    .ARM.Collect$$libshutdown$$00000010  c_p.l(libshutdown2.o)
    0x00000144   0x00000144   0x00000000   Code   RO          529    .ARM.Collect$$rtentry$$00000000  c_p.l(__rtentry.o)
    0x00000144   0x00000144   0x00000000   Code   RO          538    .ARM.Collect$$rtentry$$00000002  c_p.l(__rtentry2.o)
    0x00000144   0x00000144   0x00000006   Code   RO          550    .ARM.Collect$$rtentry$$00000004  c_p.l(__rtentry4.o)
    0x0000014a   0x0000014a   0x00000000   Code   RO          540    .ARM.Collect$$rtentry$$00000009  c_p.l(__rtentry2.o)
    0x0000014a   0x0000014a   0x00000004   Code   RO          541    .ARM.Collect$$rtentry$$0000000A  c_p.l(__rtentry2.o)
    0x0000014e   0x0000014e   0x00000000   Code   RO          543    .ARM.Collect$$rtentry$$0000000C  c_p.l(__rtentry2.o)
    0x0000014e   0x0000014e   0x00000008   Code   RO          544    .ARM.Collect$$rtentry$$0000000D  c_p.l(__rtentry2.o)
    0x00000156   0x00000156   0x00000002   Code   RO          579    .ARM.Collect$$rtexit$$00000000  c_p.l(rtexit.o)
    0x00000158   0x00000158   0x00000000   Code   RO          635    .ARM.Collect$$rtexit$$00000002  c_p.l(rtexit2.o)
    0x00000158   0x00000158   0x00000004   Code   RO          636    .ARM.Collect$$rtexit$$00000003  c_p.l(rtexit2.o)
    0x0000015c   0x0000015c   0x00000006   Code   RO          637    .ARM.Collect$$rtexit$$00000004  c_p.l(rtexit2.o)
    0x00000162   0x00000162   0x00000002   PAD
    0x00000164   0x00000164   0x00000034   Code   RO          454  * .text               startup_mkl46z4.o
    0x00000198   0x00000198   0x0000015a   Code   RO          494    .text               c_p.l(aeabi_sdiv.o)
    0x000002f2   0x000002f2   0x00000006   Code   RO          498    .text               c_p.l(heapauxi.o)
    0x000002f8   0x000002f8   0x0000007c   Code   RO          502    .text               fz_ps.l(d2f.o)
    0x00000374   0x00000374   0x00000054   Code   RO          508    .text               fz_ps.l(f2d.o)
    0x000003c8   0x000003c8   0x00000030   Code   RO          521    .text               fz_ps.l(ffixui.o)
    0x000003f8   0x000003f8   0x00000008   Code   RO          575    .text               c_p.l(libspace.o)
    0x00000400   0x00000400   0x00000010   Code   RO          453    .ARM.__at_0x400     startup_mkl46z4.o
    0x00000410   0x00000410   0x00000358   Code   RO          504    .text               fz_ps.l(daddsub.o)
    0x00000768   0x00000768   0x00000248   Code   RO          506    .text               fz_ps.l(dmul.o)
    0x000009b0   0x000009b0   0x00000160   Code   RO          516    .text               fz_ps.l(fdiv.o)
    0x00000b10   0x00000b10   0x0000004c   Code   RO          519    .text               fz_ps.l(ffixi.o)
    0x00000b5c   0x00000b5c   0x0000005e   Code   RO          523    .text               fz_ps.l(fflti.o)
    0x00000bba   0x00000bba   0x00000002   PAD
    0x00000bbc   0x00000bbc   0x00000064   Code   RO          534    .text               fz_ps.l(fcmpin.o)
    0x00000c20   0x00000c20   0x0000002e   Code   RO          554    .text               fz_ps.l(cmpret.o)
    0x00000c4e   0x00000c4e   0x00000002   PAD
    0x00000c50   0x00000c50   0x00000010   Code   RO          556    .text               fz_ps.l(fnan2.o)
    0x00000c60   0x00000c60   0x0000003e   Code   RO          558    .text               c_p.l(sys_stackheap_outer.o)
    0x00000c9e   0x00000c9e   0x00000010   Code   RO          561    .text               c_p.l(exit.o)
    0x00000cae   0x00000cae   0x0000005e   Code   RO          573    .text               fz_ps.l(retnan.o)
    0x00000d0c   0x00000d0c   0x0000000c   Code   RO          632    .text               c_p.l(sys_exit.o)
    0x00000d18   0x00000d18   0x00000002   Code   RO          651    .text               c_p.l(use_no_semi.o)
    0x00000d1a   0x00000d1a   0x00000000   Code   RO          653    .text               c_p.l(indicate_semi.o)
    0x00000d1a   0x00000d1a   0x00000046   Code   RO          331    i.Ascii_to_int      uart0.o
    0x00000d60   0x00000d60   0x00000034   Code   RO           69    i.I2C0_IRQHandler   i2c.o
    0x00000d94   0x00000d94   0x00000078   Code   RO           70    i.NVIC_SetPriority  i2c.o
    0x00000e0c   0x00000e0c   0x00000078   Code   RO          332    i.NVIC_SetPriority  uart0.o
    0x00000e84   0x00000e84   0x00000078   Code   RO          418    i.NVIC_SetPriority  pit.o
    0x00000efc   0x00000efc   0x0000010c   Code   RO          419    i.PIT_IRQHandler    pit.o
    0x00001008   0x00001008   0x000000a8   Code   RO          463    i.SystemInit        system_mkl46z4.o
    0x000010b0   0x000010b0   0x000000d8   Code   RO          333    i.UART0_IRQHandler  uart0.o
    0x00001188   0x00001188   0x0000001c   Code   RO          259    i.__ARM_common_switch8  slcd.o
    0x000011a4   0x000011a4   0x0000001c   Code   RO          398    i.delay_mc          extra.o
    0x000011c0   0x000011c0   0x000000b0   Code   RO          266    i.humidRead         sensors.o
    0x00001270   0x00001270   0x0000009c   Code   RO          267    i.humidsensorInitialize  sensors.o
    0x0000130c   0x0000130c   0x000000c0   Code   RO           71    i.i2cInitialize     i2c.o
    0x000013cc   0x000013cc   0x00000088   Code   RO           72    i.i2cRead           i2c.o
    0x00001454   0x00001454   0x00000078   Code   RO           73    i.i2cWrite          i2c.o
    0x000014cc   0x000014cc   0x00000038   Code   RO           74    i.i2cstarttransmit  i2c.o
    0x00001504   0x00001504   0x00000018   Code   RO           75    i.in_progress       i2c.o
    0x0000151c   0x0000151c   0x00000044   Code   RO          334    i.int_to_ascii      uart0.o
    0x00001560   0x00001560   0x00000038   Code   RO          130    i.ledgreenBlink     leds.o
    0x00001598   0x00001598   0x00000014   Code   RO          131    i.ledgreenOn        leds.o
    0x000015ac   0x000015ac   0x00000014   Code   RO          132    i.ledgreenToggle    leds.o
    0x000015c0   0x000015c0   0x00000038   Code   RO          133    i.ledredBlink       leds.o
    0x000015f8   0x000015f8   0x00000014   Code   RO          134    i.ledredOn          leds.o
    0x0000160c   0x0000160c   0x00000014   Code   RO          135    i.ledredToggle      leds.o
    0x00001620   0x00001620   0x00000074   Code   RO          136    i.ledsInitialize    leds.o
    0x00001694   0x00001694   0x0000001c   Code   RO          137    i.ledsOff           leds.o
    0x000016b0   0x000016b0   0x00000154   Code   RO          268    i.lightRead         sensors.o
    0x00001804   0x00001804   0x0000003c   Code   RO          269    i.lightsensorInitialize  sensors.o
    0x00001840   0x00001840   0x00000028   Code   RO            3    i.main              main.o
    0x00001868   0x00001868   0x0000006c   Code   RO          420    i.pitInitialize     pit.o
    0x000018d4   0x000018d4   0x00000050   Code   RO          270    i.pressRead         sensors.o
    0x00001924   0x00001924   0x0000001c   Code   RO          271    i.pressensorInitialize  sensors.o
    0x00001940   0x00001940   0x00000024   Code   RO          201    i.slcdClear         slcd.o
    0x00001964   0x00001964   0x00000068   Code   RO          203    i.slcdDisplay       slcd.o
    0x000019cc   0x000019cc   0x0000003c   Code   RO          204    i.slcdErr           slcd.o
    0x00001a08   0x00001a08   0x000000c8   Code   RO          205    i.slcdInitialize    slcd.o
    0x00001ad0   0x00001ad0   0x000001ec   Code   RO          206    i.slcdSet           slcd.o
    0x00001cbc   0x00001cbc   0x00000064   Code   RO          272    i.tempRead          sensors.o
    0x00001d20   0x00001d20   0x00000002   Code   RO          273    i.tempsensorInitialize  sensors.o
    0x00001d22   0x00001d22   0x00000002   PAD
    0x00001d24   0x00001d24   0x00000114   Code   RO          335    i.uart0Init         uart0.o
    0x00001e38   0x00001e38   0x0000007c   Code   RO          337    i.uart0sendblock    uart0.o
    0x00001eb4   0x00001eb4   0x00000018   Code   RO          338    i.uart0transmit     uart0.o
    0x00001ecc   0x00001ecc   0x0000008c   Code   RO          510    x$fpl$fadd          fz_ps.l(faddsub.o)
    0x00001f58   0x00001f58   0x000000b0   Code   RO          525    x$fpl$fmul          fz_ps.l(fmul.o)
    0x00002008   0x00002008   0x00000058   Code   RO          527    x$fpl$frleqf        fz_ps.l(frlef.o)
    0x00002060   0x00002060   0x000000d0   Code   RO          512    x$fpl$fsub          fz_ps.l(faddsub.o)
    0x00002130   0x00002130   0x00000000   Code   RO          536    x$fpl$usenofp       fz_ps.l(usenofp.o)
    0x00002130   0x00002130   0x00000008   Data   RO          139    .constdata          leds.o
    0x00002138   0x00002138   0x00000008   Data   RO          208    .constdata          slcd.o
    0x00002140   0x00002140   0x00000040   Data   RO          517    .constdata          fz_ps.l(fdiv.o)
    0x00002180   0x00002180   0x00000020   Data   RO          703    Region$$Table       anon$$obj.o


    Execution Region ER_RW (Exec base: 0x1fffe000, Load base: 0x000021a0, Size: 0x00000088, Max: 0xffffffff, ABSOLUTE)

    Exec Addr    Load Addr    Size         Type   Attr      Idx    E Section Name        Object

    0x1fffe000   0x000021a0   0x00000001   Data   RW           77    .data               i2c.o
    0x1fffe001   0x000021a1   0x00000003   PAD
    0x1fffe004   0x000021a4   0x00000036   Data   RW          275    .data               sensors.o
    0x1fffe03a   0x000021da   0x00000015   Data   RW          340    .data               uart0.o
    0x1fffe04f   0x000021ef   0x00000001   PAD
    0x1fffe050   0x000021f0   0x00000037   Data   RW          422    .data               pit.o


    Execution Region ER_ZI (Exec base: 0x1fffe088, Load base: 0x00002228, Size: 0x00000160, Max: 0xffffffff, ABSOLUTE)

    Exec Addr    Load Addr    Size         Type   Attr      Idx    E Section Name        Object

    0x1fffe088        -       0x00000060   Zero   RW          576    .bss                c_p.l(libspace.o)
    0x1fffe0e8        -       0x00000000   Zero   RW          451    HEAP                startup_mkl46z4.o
    0x1fffe0e8        -       0x00000100   Zero   RW          450    STACK               startup_mkl46z4.o


==============================================================================

Image component sizes


      Code (inc. data)   RO Data    RW Data    ZI Data      Debug   Object Name

        28          4          0          0          0        487   extra.o
       700         66          0          1          0      10460   i2c.o
       336         90          8          0          0       3805   leds.o
        40          0          0          0          0     144091   main.o
       496         44          0         55          0       2733   pit.o
       942        146          0         54          0       4477   sensors.o
       920         98          8          0          0       3051   slcd.o
        68         38        192          0        256        932   startup_mkl46z4.o
       168         24          0          0          0        541   system_mkl46z4.o
       898         94          0         21          0       4802   uart0.o

    ----------------------------------------------------------------------
      4598        604        240        136        256     175379   Object Totals
         0          0         32          0          0          0   (incl. Generated)
         2          0          0          5          0          0   (incl. Padding)

    ----------------------------------------------------------------------

      Code (inc. data)   RO Data    RW Data    ZI Data      Debug   Library Member Name

         8          0          0          0          0         68   __main.o
         0          0          0          0          0          0   __rtentry.o
        12          0          0          0          0          0   __rtentry2.o
         6          0          0          0          0          0   __rtentry4.o
        60          8          0          0          0          0   __scatter.o
        26          0          0          0          0          0   __scatter_copy.o
        28          0          0          0          0          0   __scatter_zi.o
       346          0          0          0          0         92   aeabi_sdiv.o
        16          0          0          0          0         68   exit.o
         6          0          0          0          0        136   heapauxi.o
         0          0          0          0          0          0   indicate_semi.o
         2          0          0          0          0          0   libinit.o
         2          0          0          0          0          0   libinit2.o
         2          0          0          0          0          0   libshutdown.o
         2          0          0          0          0          0   libshutdown2.o
         8          4          0          0         96         68   libspace.o
         2          0          0          0          0          0   rtexit.o
        10          0          0          0          0          0   rtexit2.o
        12          4          0          0          0         60   sys_exit.o
        62          0          0          0          0         80   sys_stackheap_outer.o
         2          0          0          0          0         68   use_no_semi.o
        46          0          0          0          0         60   cmpret.o
       124          4          0          0          0         72   d2f.o
       856         20          0          0          0        208   daddsub.o
       584         26          0          0          0         84   dmul.o
        84          4          0          0          0         60   f2d.o
       348          8          0          0          0        160   faddsub.o
       100          4          0          0          0         68   fcmpin.o
       352         10         64          0          0         92   fdiv.o
        76          0          0          0          0         68   ffixi.o
        48          0          0          0          0         60   ffixui.o
        94          0          0          0          0         92   fflti.o
       176          4          0          0          0         80   fmul.o
        16          6          0          0          0         68   fnan2.o
        88          4          0          0          0         76   frlef.o
        94          0          0          0          0         68   retnan.o
         0          0          0          0          0          0   usenofp.o

    ----------------------------------------------------------------------
      3706        106         64          0         96       1956   Library Totals
         8          0          0          0          0          0   (incl. Padding)

    ----------------------------------------------------------------------

      Code (inc. data)   RO Data    RW Data    ZI Data      Debug   Library Name

       612         16          0          0         96        640   c_p.l
      3086         90         64          0          0       1316   fz_ps.l

    ----------------------------------------------------------------------
      3706        106         64          0         96       1956   Library Totals

    ----------------------------------------------------------------------

==============================================================================


      Code (inc. data)   RO Data    RW Data    ZI Data      Debug   

      8304        710        304        136        352     174739   Grand Totals
      8304        710        304        136        352     174739   ELF Image Totals
      8304        710        304        136          0          0   ROM Totals

==============================================================================

    Total RO  Size (Code + RO Data)                 8608 (   8.41kB)
    Total RW  Size (RW Data + ZI Data)               488 (   0.48kB)
    Total ROM Size (Code + RO Data + RW Data)       8744 (   8.54kB)

==============================================================================

